Archive member included to satisfy reference by file (symbol)

/home/odemki/Programs/programs/STM32IDE/1/en.en-st-stm32cubeide_1-5-0_8698_20201117_1050_amd64_sh/makeself_dir_5QpOGP/y/plugins/com.st.stm32cube.ide.mcu.externaltools.gnu-tools-for-stm32.9-2020-q2-update.linux64_2.0.0.202105311346/tools/bin/../lib/gcc/arm-none-eabi/9.3.1/../../../../arm-none-eabi/lib/thumb/v7e-m+fp/hard/libc_nano.a(lib_a-errno.o)
                              ./Core/Src/syscalls.o (__errno)
/home/odemki/Programs/programs/STM32IDE/1/en.en-st-stm32cubeide_1-5-0_8698_20201117_1050_amd64_sh/makeself_dir_5QpOGP/y/plugins/com.st.stm32cube.ide.mcu.externaltools.gnu-tools-for-stm32.9-2020-q2-update.linux64_2.0.0.202105311346/tools/bin/../lib/gcc/arm-none-eabi/9.3.1/../../../../arm-none-eabi/lib/thumb/v7e-m+fp/hard/libc_nano.a(lib_a-exit.o)
                              /home/odemki/Programs/programs/STM32IDE/1/en.en-st-stm32cubeide_1-5-0_8698_20201117_1050_amd64_sh/makeself_dir_5QpOGP/y/plugins/com.st.stm32cube.ide.mcu.externaltools.gnu-tools-for-stm32.9-2020-q2-update.linux64_2.0.0.202105311346/tools/bin/../lib/gcc/arm-none-eabi/9.3.1/../../../../arm-none-eabi/lib/thumb/v7e-m+fp/hard/crt0.o (exit)
/home/odemki/Programs/programs/STM32IDE/1/en.en-st-stm32cubeide_1-5-0_8698_20201117_1050_amd64_sh/makeself_dir_5QpOGP/y/plugins/com.st.stm32cube.ide.mcu.externaltools.gnu-tools-for-stm32.9-2020-q2-update.linux64_2.0.0.202105311346/tools/bin/../lib/gcc/arm-none-eabi/9.3.1/../../../../arm-none-eabi/lib/thumb/v7e-m+fp/hard/libc_nano.a(lib_a-findfp.o)
                              ./Middlewares/Third_Party/FreeRTOS/Source/tasks.o (__sf_fake_stderr)
/home/odemki/Programs/programs/STM32IDE/1/en.en-st-stm32cubeide_1-5-0_8698_20201117_1050_amd64_sh/makeself_dir_5QpOGP/y/plugins/com.st.stm32cube.ide.mcu.externaltools.gnu-tools-for-stm32.9-2020-q2-update.linux64_2.0.0.202105311346/tools/bin/../lib/gcc/arm-none-eabi/9.3.1/../../../../arm-none-eabi/lib/thumb/v7e-m+fp/hard/libc_nano.a(lib_a-fwalk.o)
                              /home/odemki/Programs/programs/STM32IDE/1/en.en-st-stm32cubeide_1-5-0_8698_20201117_1050_amd64_sh/makeself_dir_5QpOGP/y/plugins/com.st.stm32cube.ide.mcu.externaltools.gnu-tools-for-stm32.9-2020-q2-update.linux64_2.0.0.202105311346/tools/bin/../lib/gcc/arm-none-eabi/9.3.1/../../../../arm-none-eabi/lib/thumb/v7e-m+fp/hard/libc_nano.a(lib_a-findfp.o) (_fwalk)
/home/odemki/Programs/programs/STM32IDE/1/en.en-st-stm32cubeide_1-5-0_8698_20201117_1050_amd64_sh/makeself_dir_5QpOGP/y/plugins/com.st.stm32cube.ide.mcu.externaltools.gnu-tools-for-stm32.9-2020-q2-update.linux64_2.0.0.202105311346/tools/bin/../lib/gcc/arm-none-eabi/9.3.1/../../../../arm-none-eabi/lib/thumb/v7e-m+fp/hard/libc_nano.a(lib_a-impure.o)
                              /home/odemki/Programs/programs/STM32IDE/1/en.en-st-stm32cubeide_1-5-0_8698_20201117_1050_amd64_sh/makeself_dir_5QpOGP/y/plugins/com.st.stm32cube.ide.mcu.externaltools.gnu-tools-for-stm32.9-2020-q2-update.linux64_2.0.0.202105311346/tools/bin/../lib/gcc/arm-none-eabi/9.3.1/../../../../arm-none-eabi/lib/thumb/v7e-m+fp/hard/libc_nano.a(lib_a-exit.o) (_global_impure_ptr)
/home/odemki/Programs/programs/STM32IDE/1/en.en-st-stm32cubeide_1-5-0_8698_20201117_1050_amd64_sh/makeself_dir_5QpOGP/y/plugins/com.st.stm32cube.ide.mcu.externaltools.gnu-tools-for-stm32.9-2020-q2-update.linux64_2.0.0.202105311346/tools/bin/../lib/gcc/arm-none-eabi/9.3.1/../../../../arm-none-eabi/lib/thumb/v7e-m+fp/hard/libc_nano.a(lib_a-init.o)
                              /home/odemki/Programs/programs/STM32IDE/1/en.en-st-stm32cubeide_1-5-0_8698_20201117_1050_amd64_sh/makeself_dir_5QpOGP/y/plugins/com.st.stm32cube.ide.mcu.externaltools.gnu-tools-for-stm32.9-2020-q2-update.linux64_2.0.0.202105311346/tools/bin/../lib/gcc/arm-none-eabi/9.3.1/../../../../arm-none-eabi/lib/thumb/v7e-m+fp/hard/crt0.o (__libc_init_array)
/home/odemki/Programs/programs/STM32IDE/1/en.en-st-stm32cubeide_1-5-0_8698_20201117_1050_amd64_sh/makeself_dir_5QpOGP/y/plugins/com.st.stm32cube.ide.mcu.externaltools.gnu-tools-for-stm32.9-2020-q2-update.linux64_2.0.0.202105311346/tools/bin/../lib/gcc/arm-none-eabi/9.3.1/../../../../arm-none-eabi/lib/thumb/v7e-m+fp/hard/libc_nano.a(lib_a-itoa.o)
                              ./Core/Src/main.o (itoa)
/home/odemki/Programs/programs/STM32IDE/1/en.en-st-stm32cubeide_1-5-0_8698_20201117_1050_amd64_sh/makeself_dir_5QpOGP/y/plugins/com.st.stm32cube.ide.mcu.externaltools.gnu-tools-for-stm32.9-2020-q2-update.linux64_2.0.0.202105311346/tools/bin/../lib/gcc/arm-none-eabi/9.3.1/../../../../arm-none-eabi/lib/thumb/v7e-m+fp/hard/libc_nano.a(lib_a-lock.o)
[...]
Memory Configuration

Name             Origin             Length             Attributes
CCMRAM           0x0000000010000000 0x0000000000010000 xrw
RAM              0x0000000020000000 0x0000000000020000 xrw
FLASH            0x0000000008000000 0x0000000000100000 xr
*default*        0x0000000000000000 0xffffffffffffffff

Linker script and memory map

LOAD /home/odemki/Programs/programs/STM32IDE/1/en.en-st-stm32cubeide_1-5-0_8698_20201117_1050_amd64_sh/makeself_dir_5QpOGP/y/plugins/com.st.stm32cube.ide.mcu.externaltools.gnu-tools-for-stm32.9-2020-q2-update.linux64_2.0.0.202105311346/tools/bin/../lib/gcc/arm-none-eabi/9.3.1/thumb/v7e-m+fp/hard/crti.o
LOAD /home/odemki/Programs/programs/STM32IDE/1/en.en-st-stm32cubeide_1-5-0_8698_20201117_1050_amd64_sh/makeself_dir_5QpOGP/y/plugins/com.st.stm32cube.ide.mcu.externaltools.gnu-tools-for-stm32.9-2020-q2-update.linux64_2.0.0.202105311346/tools/bin/../lib/gcc/arm-none-eabi/9.3.1/thumb/v7e-m+fp/hard/crtbegin.o
LOAD /home/odemki/Programs/programs/STM32IDE/1/en.en-st-stm32cubeide_1-5-0_8698_20201117_1050_amd64_sh/makeself_dir_5QpOGP/y/plugins/com.st.stm32cube.ide.mcu.externaltools.gnu-tools-for-stm32.9-2020-q2-update.linux64_2.0.0.202105311346/tools/bin/../lib/gcc/arm-none-eabi/9.3.1/../../../../arm-none-eabi/lib/thumb/v7e-m+fp/hard/crt0.o
LOAD ./Core/Src/BME280/bme280.o
LOAD ./Core/Src/freertos.o
LOAD ./Core/Src/main.o
LOAD ./Core/Src/stm32f4xx_hal_msp.o
LOAD ./Core/Src/stm32f4xx_hal_timebase_tim.o
LOAD ./Core/Src/stm32f4xx_it.o
LOAD ./Core/Src/syscalls.o
LOAD ./Core/Src/sysmem.o
LOAD ./Core/Src/system_stm32f4xx.o
LOAD ./Core/Startup/startup_stm32f407vgtx.o
LOAD ./Drivers/STM32F4xx_HAL_Driver/Src/stm32f4xx_hal.o
LOAD ./Drivers/STM32F4xx_HAL_Driver/Src/stm32f4xx_hal_cortex.o
LOAD ./Drivers/STM32F4xx_HAL_Driver/Src/stm32f4xx_hal_dma.o
LOAD ./Drivers/STM32F4xx_HAL_Driver/Src/stm32f4xx_hal_dma_ex.o
LOAD ./Drivers/STM32F4xx_HAL_Driver/Src/stm32f4xx_hal_exti.o
LOAD ./Drivers/STM32F4xx_HAL_Driver/Src/stm32f4xx_hal_flash.o
LOAD ./Drivers/STM32F4xx_HAL_Driver/Src/stm32f4xx_hal_flash_ex.o
LOAD ./Drivers/STM32F4xx_HAL_Driver/Src/stm32f4xx_hal_flash_ramfunc.o
LOAD ./Drivers/STM32F4xx_HAL_Driver/Src/stm32f4xx_hal_gpio.o
LOAD ./Drivers/STM32F4xx_HAL_Driver/Src/stm32f4xx_hal_i2c.o
LOAD ./Drivers/STM32F4xx_HAL_Driver/Src/stm32f4xx_hal_i2c_ex.o
LOAD ./Drivers/STM32F4xx_HAL_Driver/Src/stm32f4xx_hal_pcd.o
LOAD ./Drivers/STM32F4xx_HAL_Driver/Src/stm32f4xx_hal_pcd_ex.o
LOAD ./Drivers/STM32F4xx_HAL_Driver/Src/stm32f4xx_hal_pwr.o
LOAD ./Drivers/STM32F4xx_HAL_Driver/Src/stm32f4xx_hal_pwr_ex.o
LOAD ./Drivers/STM32F4xx_HAL_Driver/Src/stm32f4xx_hal_rcc.o
LOAD ./Drivers/STM32F4xx_HAL_Driver/Src/stm32f4xx_hal_rcc_ex.o
LOAD ./Drivers/STM32F4xx_HAL_Driver/Src/stm32f4xx_hal_tim.o
LOAD ./Drivers/STM32F4xx_HAL_Driver/Src/stm32f4xx_hal_tim_ex.o
LOAD ./Drivers/STM32F4xx_HAL_Driver/Src/stm32f4xx_ll_usb.o
LOAD ./Middlewares/ST/STM32_USB_Device_Library/Class/CDC/Src/usbd_cdc.o
LOAD ./Middlewares/ST/STM32_USB_Device_Library/Core/Src/usbd_core.o
LOAD ./Middlewares/ST/STM32_USB_Device_Library/Core/Src/usbd_ctlreq.o
LOAD ./Middlewares/ST/STM32_USB_Device_Library/Core/Src/usbd_ioreq.o
LOAD ./Middlewares/Third_Party/FreeRTOS/Source/CMSIS_RTOS_V2/cmsis_os2.o
LOAD ./Middlewares/Third_Party/FreeRTOS/Source/croutine.o
LOAD ./Middlewares/Third_Party/FreeRTOS/Source/event_groups.o
LOAD ./Middlewares/Third_Party/FreeRTOS/Source/list.o
LOAD ./Middlewares/Third_Party/FreeRTOS/Source/queue.o
LOAD ./Middlewares/Third_Party/FreeRTOS/Source/stream_buffer.o
LOAD ./Middlewares/Third_Party/FreeRTOS/Source/tasks.o
LOAD ./Middlewares/Third_Party/FreeRTOS/Source/timers.o
LOAD ./Middlewares/Third_Party/FreeRTOS/Source/portable/GCC/ARM_CM4F/port.o
LOAD ./Middlewares/Third_Party/FreeRTOS/Source/portable/MemMang/heap_4.o
LOAD ./USB_DEVICE/App/usb_device.o
LOAD ./USB_DEVICE/App/usbd_cdc_if.o
LOAD ./USB_DEVICE/App/usbd_desc.o
LOAD ./USB_DEVICE/Target/usbd_conf.o
START GROUP
LOAD /home/odemki/Programs/programs/STM32IDE/1/en.en-st-stm32cubeide_1-5-0_8698_20201117_1050_amd64_sh/makeself_dir_5QpOGP/y/plugins/com.st.stm32cube.ide.mcu.externaltools.gnu-tools-for-stm32.9-2020-q2-update.linux64_2.0.0.202105311346/tools/bin/../lib/gcc/arm-none-eabi/9.3.1/../../../../arm-none-eabi/lib/thumb/v7e-m+fp/hard/libc_nano.a
LOAD /home/odemki/Programs/programs/STM32IDE/1/en.en-st-stm32cubeide_1-5-0_8698_20201117_1050_amd64_sh/makeself_dir_5QpOGP/y/plugins/com.st.stm32cube.ide.mcu.externaltools.gnu-tools-for-stm32.9-2020-q2-update.linux64_2.0.0.202105311346/tools/bin/../lib/gcc/arm-none-eabi/9.3.1/../../../../arm-none-eabi/lib/thumb/v7e-m+fp/hard/libm.a
END GROUP
START GROUP
LOAD /home/odemki/Programs/programs/STM32IDE/1/en.en-st-stm32cubeide_1-5-0_8698_20201117_1050_amd64_sh/makeself_dir_5QpOGP/y/plugins/com.st.stm32cube.ide.mcu.externaltools.gnu-tools-for-stm32.9-2020-q2-update.linux64_2.0.0.202105311346/tools/bin/../lib/gcc/arm-none-eabi/9.3.1/thumb/v7e-m+fp/hard/libgcc.a
LOAD /home/odemki/Programs/programs/STM32IDE/1/en.en-st-stm32cubeide_1-5-0_8698_20201117_1050_amd64_sh/makeself_dir_5QpOGP/y/plugins/com.st.stm32cube.ide.mcu.externaltools.gnu-tools-for-stm32.9-2020-q2-update.linux64_2.0.0.202105311346/tools/bin/../lib/gcc/arm-none-eabi/9.3.1/../../../../arm-none-eabi/lib/thumb/v7e-m+fp/hard/libc_nano.a
END GROUP
START GROUP
LOAD /home/odemki/Programs/programs/STM32IDE/1/en.en-st-stm32cubeide_1-5-0_8698_20201117_1050_amd64_sh/makeself_dir_5QpOGP/y/plugins/com.st.stm32cube.ide.mcu.externaltools.gnu-tools-for-stm32.9-2020-q2-update.linux64_2.0.0.202105311346/tools/bin/../lib/gcc/arm-none-eabi/9.3.1/thumb/v7e-m+fp/hard/libgcc.a
LOAD /home/odemki/Programs/programs/STM32IDE/1/en.en-st-stm32cubeide_1-5-0_8698_20201117_1050_amd64_sh/makeself_dir_5QpOGP/y/plugins/com.st.stm32cube.ide.mcu.externaltools.gnu-tools-for-stm32.9-2020-q2-update.linux64_2.0.0.202105311346/tools/bin/../lib/gcc/arm-none-eabi/9.3.1/../../../../arm-none-eabi/lib/thumb/v7e-m+fp/hard/libc_nano.a
LOAD /home/odemki/Programs/programs/STM32IDE/1/en.en-st-stm32cubeide_1-5-0_8698_20201117_1050_amd64_sh/makeself_dir_5QpOGP/y/plugins/com.st.stm32cube.ide.mcu.externaltools.gnu-tools-for-stm32.9-2020-q2-update.linux64_2.0.0.202105311346/tools/bin/../lib/gcc/arm-none-eabi/9.3.1/../../../../arm-none-eabi/lib/thumb/v7e-m+fp/hard/libnosys.a
END GROUP
START GROUP
LOAD /home/odemki/Programs/programs/STM32IDE/1/en.en-st-stm32cubeide_1-5-0_8698_20201117_1050_amd64_sh/makeself_dir_5QpOGP/y/plugins/com.st.stm32cube.ide.mcu.externaltools.gnu-tools-for-stm32.9-2020-q2-update.linux64_2.0.0.202105311346/tools/bin/../lib/gcc/arm-none-eabi/9.3.1/thumb/v7e-m+fp/hard/libgcc.a
LOAD /home/odemki/Programs/programs/STM32IDE/1/en.en-st-stm32cubeide_1-5-0_8698_20201117_1050_amd64_sh/makeself_dir_5QpOGP/y/plugins/com.st.stm32cube.ide.mcu.externaltools.gnu-tools-for-stm32.9-2020-q2-update.linux64_2.0.0.202105311346/tools/bin/../lib/gcc/arm-none-eabi/9.3.1/../../../../arm-none-eabi/lib/thumb/v7e-m+fp/hard/libc_nano.a
LOAD /home/odemki/Programs/programs/STM32IDE/1/en.en-st-stm32cubeide_1-5-0_8698_20201117_1050_amd64_sh/makeself_dir_5QpOGP/y/plugins/com.st.stm32cube.ide.mcu.externaltools.gnu-tools-for-stm32.9-2020-q2-update.linux64_2.0.0.202105311346/tools/bin/../lib/gcc/arm-none-eabi/9.3.1/../../../../arm-none-eabi/lib/thumb/v7e-m+fp/hard/libnosys.a
END GROUP
LOAD /home/odemki/Programs/programs/STM32IDE/1/en.en-st-stm32cubeide_1-5-0_8698_20201117_1050_amd64_sh/makeself_dir_5QpOGP/y/plugins/com.st.stm32cube.ide.mcu.externaltools.gnu-tools-for-stm32.9-2020-q2-update.linux64_2.0.0.202105311346/tools/bin/../lib/gcc/arm-none-eabi/9.3.1/thumb/v7e-m+fp/hard/crtend.o
LOAD /home/odemki/Programs/programs/STM32IDE/1/en.en-st-stm32cubeide_1-5-0_8698_20201117_1050_amd64_sh/makeself_dir_5QpOGP/y/plugins/com.st.stm32cube.ide.mcu.externaltools.gnu-tools-for-stm32.9-2020-q2-update.linux64_2.0.0.202105311346/tools/bin/../lib/gcc/arm-none-eabi/9.3.1/thumb/v7e-m+fp/hard/crtn.o
                0x0000000020020000                _estack = (ORIGIN (RAM) + LENGTH (RAM))
                0x0000000000000200                _Min_Heap_Size = 0x200
                0x0000000000000400                _Min_Stack_Size = 0x400

.isr_vector     0x0000000008000000      0x188
                0x0000000008000000                . = ALIGN (0x4)
 *(.isr_vector)
 .isr_vector    0x0000000008000000      0x188 ./Core/Startup/startup_stm32f407vgtx.o
                0x0000000008000000                g_pfnVectors
                0x0000000008000188                . = ALIGN (0x4)

.text           0x0000000008000190     0xeb78
                0x0000000008000190                . = ALIGN (0x4)
 *(.text)
 .text          0x0000000008000190       0x40 /home/odemki/Programs/programs/STM32IDE/1/en.en-st-stm32cubeide_1-5-0_8698_20201117_1050_amd64_sh/makeself_dir_5QpOGP/y/plugins/com.st.stm32cube.ide.mcu.externaltools.gnu-tools-for-stm32.9-2020-q2-update.linux64_2.0.0.202105311346/tools/bin/../lib/gcc/arm-none-eabi/9.3.1/thumb/v7e-m+fp/hard/crtbegin.o
 .text          0x00000000080001d0       0x10 /home/odemki/Programs/programs/STM32IDE/1/en.en-st-stm32cubeide_1-5-0_8698_20201117_1050_amd64_sh/makeself_dir_5QpOGP/y/plugins/com.st.stm32cube.ide.mcu.externaltools.gnu-tools-for-stm32.9-2020-q2-update.linux64_2.0.0.202105311346/tools/bin/../lib/gcc/arm-none-eabi/9.3.1/../../../../arm-none-eabi/lib/thumb/v7e-m+fp/hard/libc_nano.a(lib_a-strlen.o)
                0x00000000080001d0                strlen
 .text          0x00000000080001e0       0xa0 /home/odemki/Programs/programs/STM32IDE/1/en.en-st-stm32cubeide_1-5-0_8698_20201117_1050_amd64_sh/makeself_dir_5QpOGP/y/plugins/com.st.stm32cube.ide.mcu.externaltools.gnu-tools-for-stm32.9-2020-q2-update.linux64_2.0.0.202105311346/tools/bin/../lib/gcc/arm-none-eabi/9.3.1/../../../../arm-none-eabi/lib/thumb/v7e-m+fp/hard/libc_nano.a(lib_a-memchr.o)
                0x00000000080001e0                memchr
 .text          0x0000000008000280      0x378 /home/odemki/Programs/programs/STM32IDE/1/en.en-st-stm32cubeide_1-5-0_8698_20201117_1050_amd64_sh/makeself_dir_5QpOGP/y/plugins/com.st.stm32cube.ide.mcu.externaltools.gnu-tools-for-stm32.9-2020-q2-update.linux64_2.0.0.202105311346/tools/bin/../lib/gcc/arm-none-eabi/9.3.1/thumb/v7e-m+fp/hard/libgcc.a(_arm_addsubdf3.o)
                0x0000000008000280                __aeabi_drsub
                0x0000000008000288                __aeabi_dsub
                0x0000000008000288                __subdf3
                0x000000000800028c                __adddf3
                0x000000000800028c                __aeabi_dadd
                0x0000000008000504                __aeabi_ui2d
                0x0000000008000504                __floatunsidf
                0x0000000008000524                __floatsidf
                0x0000000008000524                __aeabi_i2d
                0x0000000008000548                __extendsfdf2
                0x0000000008000548                __aeabi_f2d
                0x000000000800058c                __aeabi_ul2d
                0x000000000800058c                __floatundidf
                0x000000000800059c                __floatdidf
                0x000000000800059c                __aeabi_l2d
 .text          0x00000000080005f8      0x424 /home/odemki/Programs/programs/STM32IDE/1/en.en-st-stm32cubeide_1-5-0_8698_20201117_1050_amd64_sh/makeself_dir_5QpOGP/y/plugins/com.st.stm32cube.ide.mcu.externaltools.gnu-tools-for-stm32.9-2020-q2-update.linux64_2.0.0.202105311346/tools/bin/../lib/gcc/arm-none-eabi/9.3.1/thumb/v7e-m+fp/hard/libgcc.a(_arm_muldivdf3.o)
                0x00000000080005f8                __aeabi_dmul
                0x00000000080005f8                __muldf3
                0x000000000800084c                __aeabi_ddiv
                0x000000000800084c                __divdf3
 .text          0x0000000008000a1c      0x110 /home/odemki/Programs/programs/STM32IDE/1/en.en-st-stm32cubeide_1-5-0_8698_20201117_1050_amd64_sh/makeself_dir_5QpOGP/y/plugins/com.st.stm32cube.ide.mcu.externaltools.gnu-tools-for-stm32.9-2020-q2-update.linux64_2.0.0.202105311346/tools/bin/../lib/gcc/arm-none-eabi/9.3.1/thumb/v7e-m+fp/hard/libgcc.a(_arm_cmpdf2.o)
                0x0000000008000a1c                __gtdf2
                0x0000000008000a1c                __gedf2
                0x0000000008000a24                __ltdf2
                0x0000000008000a24                __ledf2
                0x0000000008000a2c                __cmpdf2
                0x0000000008000a2c                __eqdf2
                0x0000000008000a2c                __nedf2
                0x0000000008000aa8                __aeabi_cdrcmple
                0x0000000008000ab8                __aeabi_cdcmple
                0x0000000008000ab8                __aeabi_cdcmpeq
                0x0000000008000ac8                __aeabi_dcmpeq
                0x0000000008000adc                __aeabi_dcmplt
                0x0000000008000af0                __aeabi_dcmple
                0x0000000008000b04                __aeabi_dcmpge
                0x0000000008000b18                __aeabi_dcmpgt
 .text          0x0000000008000b2c       0x50 /home/odemki/Programs/programs/STM32IDE/1/en.en-st-stm32cubeide_1-5-0_8698_20201117_1050_amd64_sh/makeself_dir_5QpOGP/y/plugins/com.st.stm32cube.ide.mcu.externaltools.gnu-tools-for-stm32.9-2020-q2-update.linux64_2.0.0.202105311346/tools/bin/../lib/gcc/arm-none-eabi/9.3.1/thumb/v7e-m+fp/hard/libgcc.a(_arm_fixdfsi.o)
                0x0000000008000b2c                __fixdfsi
                0x0000000008000b2c                __aeabi_d2iz
 .text          0x0000000008000b7c       0xa0 /home/odemki/Programs/programs/STM32IDE/1/en.en-st-stm32cubeide_1-5-0_8698_20201117_1050_amd64_sh/makeself_dir_5QpOGP/y/plugins/com.st.stm32cube.ide.mcu.externaltools.gnu-tools-for-stm32.9-2020-q2-update.linux64_2.0.0.202105311346/tools/bin/../lib/gcc/arm-none-eabi/9.3.1/thumb/v7e-m+fp/hard/libgcc.a(_arm_truncdfsf2.o)
                0x0000000008000b7c                __aeabi_d2f
                0x0000000008000b7c                __truncdfsf2
 .text          0x0000000008000c1c       0x30 /home/odemki/Programs/programs/STM32IDE/1/en.en-st-stm32cubeide_1-5-0_8698_20201117_1050_amd64_sh/makeself_dir_5QpOGP/y/plugins/com.st.stm32cube.ide.mcu.externaltools.gnu-tools-for-stm32.9-2020-q2-update.linux64_2.0.0.202105311346/tools/bin/../lib/gcc/arm-none-eabi/9.3.1/thumb/v7e-m+fp/hard/libgcc.a(_aeabi_uldivmod.o)
                0x0000000008000c1c                __aeabi_uldivmod
 .text          0x0000000008000c4c      0x2c4 /home/odemki/Programs/programs/STM32IDE/1/en.en-st-stm32cubeide_1-5-0_8698_20201117_1050_amd64_sh/makeself_dir_5QpOGP/y/plugins/com.st.stm32cube.ide.mcu.externaltools.gnu-tools-for-stm32.9-2020-q2-update.linux64_2.0.0.202105311346/tools/bin/../lib/gcc/arm-none-eabi/9.3.1/thumb/v7e-m+fp/hard/libgcc.a(_udivmoddi4.o)
                0x0000000008000c4c                __udivmoddi4
 .text          0x0000000008000f10        0x4 /home/odemki/Programs/programs/STM32IDE/1/en.en-st-stm32cubeide_1-5-0_8698_20201117_1050_amd64_sh/makeself_dir_5QpOGP/y/plugins/com.st.stm32cube.ide.mcu.externaltools.gnu-tools-for-stm32.9-2020-q2-update.linux64_2.0.0.202105311346/tools/bin/../lib/gcc/arm-none-eabi/9.3.1/thumb/v7e-m+fp/hard/libgcc.a(_dvmd_tls.o)
                0x0000000008000f10                __aeabi_ldiv0
                0x0000000008000f10                __aeabi_idiv0
 *(.text*)
 .text.bme280_init
                0x0000000008000f14       0x96 ./Core/Src/BME280/bme280.o
                0x0000000008000f14                bme280_init
 .text.bme280_get_regs
                0x0000000008000faa       0x60 ./Core/Src/BME280/bme280.o
                0x0000000008000faa                bme280_get_regs
 .text.bme280_set_regs
                0x000000000800100a       0xee ./Core/Src/BME280/bme280.o
                0x000000000800100a                bme280_set_regs
 .text.bme280_set_sensor_settings
                0x00000000080010f8       0xaa ./Core/Src/BME280/bme280.o
                0x00000000080010f8                bme280_set_sensor_settings
 .text.bme280_set_sensor_mode
                0x00000000080011a2       0x68 ./Core/Src/BME280/bme280.o
                0x00000000080011a2                bme280_set_sensor_mode
 .text.bme280_get_sensor_mode
                0x000000000800120a       0x46 ./Core/Src/BME280/bme280.o
                0x000000000800120a                bme280_get_sensor_mode
 .text.bme280_soft_reset
                0x0000000008001250       0x4a ./Core/Src/BME280/bme280.o
                0x0000000008001250                bme280_soft_reset
 .text.bme280_get_sensor_data
                0x000000000800129a       0x92 ./Core/Src/BME280/bme280.o
                0x000000000800129a                bme280_get_sensor_data
 .text.bme280_parse_sensor_data
                0x000000000800132c       0x8c ./Core/Src/BME280/bme280.o
                0x000000000800132c                bme280_parse_sensor_data
 .text.bme280_compensate_data
                0x00000000080013b8       0xc2 ./Core/Src/BME280/bme280.o
                0x00000000080013b8                bme280_compensate_data
 .text.set_osr_settings
                0x000000000800147a       0x4e ./Core/Src/BME280/bme280.o
 .text.set_osr_humidity_settings
                0x00000000080014c8       0x74 ./Core/Src/BME280/bme280.o
 .text.set_osr_press_temp_settings
                0x000000000800153c       0x78 ./Core/Src/BME280/bme280.o
 .text.set_filter_standby_settings
                0x00000000080015b4       0x78 ./Core/Src/BME280/bme280.o
 .text.fill_filter_settings
                0x000000000800162c       0x3a ./Core/Src/BME280/bme280.o
 .text.fill_standby_settings
                0x0000000008001666       0x34 ./Core/Src/BME280/bme280.o
 .text.fill_osr_press_settings
                0x000000000800169a       0x3a ./Core/Src/BME280/bme280.o
 .text.fill_osr_temp_settings
                0x00000000080016d4       0x34 ./Core/Src/BME280/bme280.o
 .text.parse_device_settings
                0x0000000008001708       0x68 ./Core/Src/BME280/bme280.o
 .text.write_power_mode
                0x0000000008001770       0x66 ./Core/Src/BME280/bme280.o
 .text.put_device_to_sleep
                0x00000000080017d6       0x60 ./Core/Src/BME280/bme280.o
 .text.reload_device_settings
                0x0000000008001836       0x3a ./Core/Src/BME280/bme280.o
 .text.compensate_temperature
                0x0000000008001870      0x1a4 ./Core/Src/BME280/bme280.o
 *fill*         0x0000000008001a14        0x4 
 .text.compensate_pressure
                0x0000000008001a18      0x3a0 ./Core/Src/BME280/bme280.o
 .text.compensate_humidity
                0x0000000008001db8      0x240 ./Core/Src/BME280/bme280.o
 .text.get_calib_data
                0x0000000008001ff8       0x8a ./Core/Src/BME280/bme280.o
 .text.interleave_reg_addr
                0x0000000008002082       0x58 ./Core/Src/BME280/bme280.o
 .text.parse_temp_press_calib_data
                0x00000000080020da      0x15e ./Core/Src/BME280/bme280.o
 .text.parse_humidity_calib_data
                0x0000000008002238       0x9c ./Core/Src/BME280/bme280.o
 .text.are_settings_changed
                0x00000000080022d4       0x38 ./Core/Src/BME280/bme280.o
 .text.null_ptr_check
                0x000000000800230c       0x40 ./Core/Src/BME280/bme280.o
 .text.user_i2c_read
                0x000000000800234c       0x70 ./Core/Src/main.o
                0x000000000800234c                user_i2c_read
 .text.user_delay_ms
                0x00000000080023bc       0x16 ./Core/Src/main.o
                0x00000000080023bc                user_delay_ms
 *fill*         0x00000000080023d2        0x2 
 .text.user_i2c_write
                0x00000000080023d4       0x78 ./Core/Src/main.o
                0x00000000080023d4                user_i2c_write
 .text.main     0x000000000800244c       0xd4 ./Core/Src/main.o
                0x000000000800244c                main
 .text.SystemClock_Config
                0x0000000008002520       0xd4 ./Core/Src/main.o
                0x0000000008002520                SystemClock_Config
 .text.MX_I2C3_Init
                0x00000000080025f4       0x5c ./Core/Src/main.o
 .text.MX_TIM3_Init
                0x0000000008002650       0x9c ./Core/Src/main.o
 .text.MX_GPIO_Init
                0x00000000080026ec      0x280 ./Core/Src/main.o
 .text.StartDefaultTask
                0x000000000800296c       0x14 ./Core/Src/main.o
                0x000000000800296c                StartDefaultTask
 .text.Start_Blue_LED_Blink
                0x0000000008002980       0x34 ./Core/Src/main.o
                0x0000000008002980                Start_Blue_LED_Blink
 .text.Start_Show_Resources
                0x00000000080029b4      0x270 ./Core/Src/main.o
                0x00000000080029b4                Start_Show_Resources
 .text.Start_UART_Task
                0x0000000008002c24       0x5c ./Core/Src/main.o
                0x0000000008002c24                Start_UART_Task
 .text.Start_bme280
                0x0000000008002c80      0x148 ./Core/Src/main.o
                0x0000000008002c80                Start_bme280
 .text.HAL_TIM_PeriodElapsedCallback
                0x0000000008002dc8       0x40 ./Core/Src/main.o
                0x0000000008002dc8                HAL_TIM_PeriodElapsedCallback
 .text.Error_Handler
                0x0000000008002e08        0xa ./Core/Src/main.o
                0x0000000008002e08                Error_Handler
 *fill*         0x0000000008002e12        0x2 
 .text.HAL_MspInit
                0x0000000008002e14       0x58 ./Core/Src/stm32f4xx_hal_msp.o
                0x0000000008002e14                HAL_MspInit
 .text.HAL_I2C_MspInit
                0x0000000008002e6c       0xd4 ./Core/Src/stm32f4xx_hal_msp.o
                0x0000000008002e6c                HAL_I2C_MspInit
 .text.HAL_TIM_Base_MspInit
                0x0000000008002f40       0x50 ./Core/Src/stm32f4xx_hal_msp.o
                0x0000000008002f40                HAL_TIM_Base_MspInit
 .text.HAL_InitTick
                0x0000000008002f90       0xb4 ./Core/Src/stm32f4xx_hal_timebase_tim.o
                0x0000000008002f90                HAL_InitTick
 .text.NMI_Handler
                0x0000000008003044        0x6 ./Core/Src/stm32f4xx_it.o
                0x0000000008003044                NMI_Handler
 .text.HardFault_Handler
                0x000000000800304a        0x6 ./Core/Src/stm32f4xx_it.o
                0x000000000800304a                HardFault_Handler
 .text.MemManage_Handler
                0x0000000008003050        0x6 ./Core/Src/stm32f4xx_it.o
                0x0000000008003050                MemManage_Handler
 .text.BusFault_Handler
                0x0000000008003056        0x6 ./Core/Src/stm32f4xx_it.o
                0x0000000008003056                BusFault_Handler
 .text.UsageFault_Handler
                0x000000000800305c        0x6 ./Core/Src/stm32f4xx_it.o
                0x000000000800305c                UsageFault_Handler
 .text.DebugMon_Handler
                0x0000000008003062        0xe ./Core/Src/stm32f4xx_it.o
                0x0000000008003062                DebugMon_Handler
 .text.TIM1_UP_TIM10_IRQHandler
                0x0000000008003070       0x14 ./Core/Src/stm32f4xx_it.o
                0x0000000008003070                TIM1_UP_TIM10_IRQHandler
 .text.TIM3_IRQHandler
                0x0000000008003084       0x14 ./Core/Src/stm32f4xx_it.o
                0x0000000008003084                TIM3_IRQHandler
 .text.OTG_FS_IRQHandler
                0x0000000008003098       0x14 ./Core/Src/stm32f4xx_it.o
                0x0000000008003098                OTG_FS_IRQHandler
 .text._sbrk    0x00000000080030ac       0x6c ./Core/Src/sysmem.o
                0x00000000080030ac                _sbrk
 .text.SystemInit
                0x0000000008003118       0x24 ./Core/Src/system_stm32f4xx.o
                0x0000000008003118                SystemInit
 .text.Reset_Handler
                0x000000000800313c       0x50 ./Core/Startup/startup_stm32f407vgtx.o
                0x000000000800313c                Reset_Handler
 .text.Default_Handler
                0x000000000800318c        0x2 ./Core/Startup/startup_stm32f407vgtx.o
                0x000000000800318c                RTC_Alarm_IRQHandler
                0x000000000800318c                HASH_RNG_IRQHandler
                0x000000000800318c                EXTI2_IRQHandler
                0x000000000800318c                TIM8_CC_IRQHandler
                0x000000000800318c                TIM1_CC_IRQHandler
                0x000000000800318c                DMA2_Stream5_IRQHandler
                0x000000000800318c                DMA1_Stream5_IRQHandler
                0x000000000800318c                PVD_IRQHandler
                0x000000000800318c                SDIO_IRQHandler
                0x000000000800318c                TAMP_STAMP_IRQHandler
                0x000000000800318c                CAN2_RX1_IRQHandler
                0x000000000800318c                EXTI3_IRQHandler
                0x000000000800318c                TIM8_TRG_COM_TIM14_IRQHandler
                0x000000000800318c                TIM8_UP_TIM13_IRQHandler
                0x000000000800318c                I2C3_ER_IRQHandler
                0x000000000800318c                EXTI0_IRQHandler
                0x000000000800318c                I2C2_EV_IRQHandler
                0x000000000800318c                DMA1_Stream2_IRQHandler
                0x000000000800318c                CAN1_RX0_IRQHandler
                0x000000000800318c                FPU_IRQHandler
                0x000000000800318c                OTG_HS_WKUP_IRQHandler
                0x000000000800318c                CAN2_SCE_IRQHandler
                0x000000000800318c                DMA2_Stream2_IRQHandler
                0x000000000800318c                SPI1_IRQHandler
                0x000000000800318c                TIM6_DAC_IRQHandler
                0x000000000800318c                TIM1_BRK_TIM9_IRQHandler
                0x000000000800318c                DCMI_IRQHandler
                0x000000000800318c                CAN2_RX0_IRQHandler
                0x000000000800318c                DMA2_Stream3_IRQHandler
                0x000000000800318c                USART6_IRQHandler
                0x000000000800318c                USART3_IRQHandler
                0x000000000800318c                CAN1_RX1_IRQHandler
                0x000000000800318c                UART5_IRQHandler
                0x000000000800318c                DMA2_Stream0_IRQHandler
                0x000000000800318c                TIM4_IRQHandler
                0x000000000800318c                I2C1_EV_IRQHandler
                0x000000000800318c                DMA1_Stream6_IRQHandler
                0x000000000800318c                DMA1_Stream1_IRQHandler
                0x000000000800318c                UART4_IRQHandler
                0x000000000800318c                RCC_IRQHandler
                0x000000000800318c                TIM8_BRK_TIM12_IRQHandler
                0x000000000800318c                Default_Handler
                0x000000000800318c                EXTI15_10_IRQHandler
                0x000000000800318c                ADC_IRQHandler
                0x000000000800318c                DMA1_Stream7_IRQHandler
                0x000000000800318c                TIM7_IRQHandler
                0x000000000800318c                CAN2_TX_IRQHandler
                0x000000000800318c                TIM5_IRQHandler
                0x000000000800318c                DMA2_Stream7_IRQHandler
                0x000000000800318c                I2C3_EV_IRQHandler
                0x000000000800318c                EXTI9_5_IRQHandler
                0x000000000800318c                RTC_WKUP_IRQHandler
                0x000000000800318c                ETH_WKUP_IRQHandler
                0x000000000800318c                SPI2_IRQHandler
                0x000000000800318c                OTG_HS_EP1_IN_IRQHandler
                0x000000000800318c                DMA1_Stream0_IRQHandler
                0x000000000800318c                CAN1_TX_IRQHandler
                0x000000000800318c                EXTI4_IRQHandler
                0x000000000800318c                FSMC_IRQHandler
                0x000000000800318c                ETH_IRQHandler
                0x000000000800318c                OTG_HS_EP1_OUT_IRQHandler
                0x000000000800318c                WWDG_IRQHandler
                0x000000000800318c                TIM2_IRQHandler
                0x000000000800318c                OTG_FS_WKUP_IRQHandler
                0x000000000800318c                TIM1_TRG_COM_TIM11_IRQHandler
                0x000000000800318c                OTG_HS_IRQHandler
                0x000000000800318c                EXTI1_IRQHandler
                0x000000000800318c                USART2_IRQHandler
                0x000000000800318c                I2C2_ER_IRQHandler
                0x000000000800318c                DMA2_Stream1_IRQHandler
                0x000000000800318c                CAN1_SCE_IRQHandler
                0x000000000800318c                FLASH_IRQHandler
                0x000000000800318c                DMA2_Stream4_IRQHandler
                0x000000000800318c                USART1_IRQHandler
                0x000000000800318c                SPI3_IRQHandler
                0x000000000800318c                DMA1_Stream4_IRQHandler
                0x000000000800318c                I2C1_ER_IRQHandler
                0x000000000800318c                DMA2_Stream6_IRQHandler
                0x000000000800318c                DMA1_Stream3_IRQHandler
 *fill*         0x000000000800318e        0x2 
 .text.HAL_Init
                0x0000000008003190       0x44 ./Drivers/STM32F4xx_HAL_Driver/Src/stm32f4xx_hal.o
                0x0000000008003190                HAL_Init
 .text.HAL_IncTick
                0x00000000080031d4       0x28 ./Drivers/STM32F4xx_HAL_Driver/Src/stm32f4xx_hal.o
                0x00000000080031d4                HAL_IncTick
 .text.HAL_GetTick
                0x00000000080031fc       0x18 ./Drivers/STM32F4xx_HAL_Driver/Src/stm32f4xx_hal.o
                0x00000000080031fc                HAL_GetTick
 .text.HAL_Delay
                0x0000000008003214       0x48 ./Drivers/STM32F4xx_HAL_Driver/Src/stm32f4xx_hal.o
                0x0000000008003214                HAL_Delay
 .text.__NVIC_SetPriorityGrouping
                0x000000000800325c       0x48 ./Drivers/STM32F4xx_HAL_Driver/Src/stm32f4xx_hal_cortex.o
 .text.__NVIC_GetPriorityGrouping
                0x00000000080032a4       0x1c ./Drivers/STM32F4xx_HAL_Driver/Src/stm32f4xx_hal_cortex.o
 .text.__NVIC_EnableIRQ
                0x00000000080032c0       0x3c ./Drivers/STM32F4xx_HAL_Driver/Src/stm32f4xx_hal_cortex.o
 .text.__NVIC_SetPriority
                0x00000000080032fc       0x54 ./Drivers/STM32F4xx_HAL_Driver/Src/stm32f4xx_hal_cortex.o
 .text.NVIC_EncodePriority
                0x0000000008003350       0x66 ./Drivers/STM32F4xx_HAL_Driver/Src/stm32f4xx_hal_cortex.o
 .text.HAL_NVIC_SetPriorityGrouping
                0x00000000080033b6       0x16 ./Drivers/STM32F4xx_HAL_Driver/Src/stm32f4xx_hal_cortex.o
                0x00000000080033b6                HAL_NVIC_SetPriorityGrouping
 .text.HAL_NVIC_SetPriority
                0x00000000080033cc       0x38 ./Drivers/STM32F4xx_HAL_Driver/Src/stm32f4xx_hal_cortex.o
                0x00000000080033cc                HAL_NVIC_SetPriority
 .text.HAL_NVIC_EnableIRQ
                0x0000000008003404       0x1c ./Drivers/STM32F4xx_HAL_Driver/Src/stm32f4xx_hal_cortex.o
                0x0000000008003404                HAL_NVIC_EnableIRQ
 .text.HAL_GPIO_Init
                0x0000000008003420      0x338 ./Drivers/STM32F4xx_HAL_Driver/Src/stm32f4xx_hal_gpio.o
                0x0000000008003420                HAL_GPIO_Init
 .text.HAL_GPIO_WritePin
                0x0000000008003758       0x32 ./Drivers/STM32F4xx_HAL_Driver/Src/stm32f4xx_hal_gpio.o
                0x0000000008003758                HAL_GPIO_WritePin
 *fill*         0x000000000800378a        0x2 
 .text.HAL_I2C_Init
                0x000000000800378c      0x288 ./Drivers/STM32F4xx_HAL_Driver/Src/stm32f4xx_hal_i2c.o
                0x000000000800378c                HAL_I2C_Init
 .text.HAL_I2C_Master_Transmit
                0x0000000008003a14      0x1fc ./Drivers/STM32F4xx_HAL_Driver/Src/stm32f4xx_hal_i2c.o
                0x0000000008003a14                HAL_I2C_Master_Transmit
 .text.HAL_I2C_Master_Receive
                0x0000000008003c10      0x44c ./Drivers/STM32F4xx_HAL_Driver/Src/stm32f4xx_hal_i2c.o
                0x0000000008003c10                HAL_I2C_Master_Receive
 .text.HAL_I2C_Mem_Read
                0x000000000800405c      0x44c ./Drivers/STM32F4xx_HAL_Driver/Src/stm32f4xx_hal_i2c.o
                0x000000000800405c                HAL_I2C_Mem_Read
 .text.I2C_MasterRequestWrite
                0x00000000080044a8      0x104 ./Drivers/STM32F4xx_HAL_Driver/Src/stm32f4xx_hal_i2c.o
 .text.I2C_MasterRequestRead
                0x00000000080045ac      0x19c ./Drivers/STM32F4xx_HAL_Driver/Src/stm32f4xx_hal_i2c.o
 .text.I2C_RequestMemoryRead
                0x0000000008004748      0x1d0 ./Drivers/STM32F4xx_HAL_Driver/Src/stm32f4xx_hal_i2c.o
 .text.I2C_WaitOnFlagUntilTimeout
                0x0000000008004918       0xae ./Drivers/STM32F4xx_HAL_Driver/Src/stm32f4xx_hal_i2c.o
 .text.I2C_WaitOnMasterAddressFlagUntilTimeout
                0x00000000080049c6       0xfe ./Drivers/STM32F4xx_HAL_Driver/Src/stm32f4xx_hal_i2c.o
 .text.I2C_WaitOnTXEFlagUntilTimeout
                0x0000000008004ac4       0x82 ./Drivers/STM32F4xx_HAL_Driver/Src/stm32f4xx_hal_i2c.o
 .text.I2C_WaitOnBTFFlagUntilTimeout
                0x0000000008004b46       0x82 ./Drivers/STM32F4xx_HAL_Driver/Src/stm32f4xx_hal_i2c.o
 .text.I2C_WaitOnRXNEFlagUntilTimeout
                0x0000000008004bc8       0xac ./Drivers/STM32F4xx_HAL_Driver/Src/stm32f4xx_hal_i2c.o
 .text.I2C_IsAcknowledgeFailed
                0x0000000008004c74       0x5e ./Drivers/STM32F4xx_HAL_Driver/Src/stm32f4xx_hal_i2c.o
 .text.HAL_PCD_Init
                0x0000000008004cd2      0x23a ./Drivers/STM32F4xx_HAL_Driver/Src/stm32f4xx_hal_pcd.o
                0x0000000008004cd2                HAL_PCD_Init
 .text.HAL_PCD_Start
                0x0000000008004f0c       0x66 ./Drivers/STM32F4xx_HAL_Driver/Src/stm32f4xx_hal_pcd.o
                0x0000000008004f0c                HAL_PCD_Start
 .text.HAL_PCD_IRQHandler
                0x0000000008004f72      0x764 ./Drivers/STM32F4xx_HAL_Driver/Src/stm32f4xx_hal_pcd.o
                0x0000000008004f72                HAL_PCD_IRQHandler
 .text.HAL_PCD_SetAddress
                0x00000000080056d6       0x4a ./Drivers/STM32F4xx_HAL_Driver/Src/stm32f4xx_hal_pcd.o
                0x00000000080056d6                HAL_PCD_SetAddress
 .text.HAL_PCD_EP_Open
                0x0000000008005720       0xd0 ./Drivers/STM32F4xx_HAL_Driver/Src/stm32f4xx_hal_pcd.o
                0x0000000008005720                HAL_PCD_EP_Open
 .text.HAL_PCD_EP_Close
                0x00000000080057f0       0x94 ./Drivers/STM32F4xx_HAL_Driver/Src/stm32f4xx_hal_pcd.o
                0x00000000080057f0                HAL_PCD_EP_Close
 .text.HAL_PCD_EP_Receive
                0x0000000008005884       0x96 ./Drivers/STM32F4xx_HAL_Driver/Src/stm32f4xx_hal_pcd.o
                0x0000000008005884                HAL_PCD_EP_Receive
 .text.HAL_PCD_EP_GetRxCount
                0x000000000800591a       0x30 ./Drivers/STM32F4xx_HAL_Driver/Src/stm32f4xx_hal_pcd.o
                0x000000000800591a                HAL_PCD_EP_GetRxCount
 .text.HAL_PCD_EP_Transmit
                0x000000000800594a       0x94 ./Drivers/STM32F4xx_HAL_Driver/Src/stm32f4xx_hal_pcd.o
                0x000000000800594a                HAL_PCD_EP_Transmit
 .text.HAL_PCD_EP_SetStall
                0x00000000080059de       0xc8 ./Drivers/STM32F4xx_HAL_Driver/Src/stm32f4xx_hal_pcd.o
                0x00000000080059de                HAL_PCD_EP_SetStall
 .text.HAL_PCD_EP_ClrStall
                0x0000000008005aa6       0xac ./Drivers/STM32F4xx_HAL_Driver/Src/stm32f4xx_hal_pcd.o
                0x0000000008005aa6                HAL_PCD_EP_ClrStall
 .text.PCD_WriteEmptyTxFifo
                0x0000000008005b52      0x11a ./Drivers/STM32F4xx_HAL_Driver/Src/stm32f4xx_hal_pcd.o
 .text.PCD_EP_OutXfrComplete_int
                0x0000000008005c6c      0x218 ./Drivers/STM32F4xx_HAL_Driver/Src/stm32f4xx_hal_pcd.o
 .text.PCD_EP_OutSetupPacket_int
                0x0000000008005e84       0x8c ./Drivers/STM32F4xx_HAL_Driver/Src/stm32f4xx_hal_pcd.o
 .text.HAL_PCDEx_SetTxFiFo
                0x0000000008005f10       0x8e ./Drivers/STM32F4xx_HAL_Driver/Src/stm32f4xx_hal_pcd_ex.o
                0x0000000008005f10                HAL_PCDEx_SetTxFiFo
 .text.HAL_PCDEx_SetRxFiFo
                0x0000000008005f9e       0x22 ./Drivers/STM32F4xx_HAL_Driver/Src/stm32f4xx_hal_pcd_ex.o
                0x0000000008005f9e                HAL_PCDEx_SetRxFiFo
 .text.HAL_PCDEx_LPM_Callback
                0x0000000008005fc0       0x18 ./Drivers/STM32F4xx_HAL_Driver/Src/stm32f4xx_hal_pcd_ex.o
                0x0000000008005fc0                HAL_PCDEx_LPM_Callback
 .text.HAL_RCC_OscConfig
                0x0000000008005fd8      0x4f0 ./Drivers/STM32F4xx_HAL_Driver/Src/stm32f4xx_hal_rcc.o
                0x0000000008005fd8                HAL_RCC_OscConfig
 .text.HAL_RCC_ClockConfig
                0x00000000080064c8      0x1cc ./Drivers/STM32F4xx_HAL_Driver/Src/stm32f4xx_hal_rcc.o
                0x00000000080064c8                HAL_RCC_ClockConfig
 .text.HAL_RCC_GetSysClockFreq
                0x0000000008006694      0x1c4 ./Drivers/STM32F4xx_HAL_Driver/Src/stm32f4xx_hal_rcc.o
                0x0000000008006694                HAL_RCC_GetSysClockFreq
 .text.HAL_RCC_GetHCLKFreq
                0x0000000008006858       0x18 ./Drivers/STM32F4xx_HAL_Driver/Src/stm32f4xx_hal_rcc.o
                0x0000000008006858                HAL_RCC_GetHCLKFreq
 .text.HAL_RCC_GetPCLK1Freq
                0x0000000008006870       0x28 ./Drivers/STM32F4xx_HAL_Driver/Src/stm32f4xx_hal_rcc.o
                0x0000000008006870                HAL_RCC_GetPCLK1Freq
 .text.HAL_RCC_GetPCLK2Freq
                0x0000000008006898       0x28 ./Drivers/STM32F4xx_HAL_Driver/Src/stm32f4xx_hal_rcc.o
                0x0000000008006898                HAL_RCC_GetPCLK2Freq
 .text.HAL_RCC_GetClockConfig
                0x00000000080068c0       0x64 ./Drivers/STM32F4xx_HAL_Driver/Src/stm32f4xx_hal_rcc.o
                0x00000000080068c0                HAL_RCC_GetClockConfig
 .text.HAL_TIM_Base_Init
                0x0000000008006924       0x9e ./Drivers/STM32F4xx_HAL_Driver/Src/stm32f4xx_hal_tim.o
                0x0000000008006924                HAL_TIM_Base_Init
 *fill*         0x00000000080069c2        0x2 
 .text.HAL_TIM_Base_Start_IT
                0x00000000080069c4       0xe0 ./Drivers/STM32F4xx_HAL_Driver/Src/stm32f4xx_hal_tim.o
                0x00000000080069c4                HAL_TIM_Base_Start_IT
 .text.HAL_TIM_IRQHandler
                0x0000000008006aa4      0x210 ./Drivers/STM32F4xx_HAL_Driver/Src/stm32f4xx_hal_tim.o
                0x0000000008006aa4                HAL_TIM_IRQHandler
 .text.HAL_TIM_ConfigClockSource
                0x0000000008006cb4      0x18e ./Drivers/STM32F4xx_HAL_Driver/Src/stm32f4xx_hal_tim.o
                0x0000000008006cb4                HAL_TIM_ConfigClockSource
 .text.HAL_TIM_OC_DelayElapsedCallback
                0x0000000008006e42       0x14 ./Drivers/STM32F4xx_HAL_Driver/Src/stm32f4xx_hal_tim.o
                0x0000000008006e42                HAL_TIM_OC_DelayElapsedCallback
 .text.HAL_TIM_IC_CaptureCallback
                0x0000000008006e56       0x14 ./Drivers/STM32F4xx_HAL_Driver/Src/stm32f4xx_hal_tim.o
                0x0000000008006e56                HAL_TIM_IC_CaptureCallback
 .text.HAL_TIM_PWM_PulseFinishedCallback
                0x0000000008006e6a       0x14 ./Drivers/STM32F4xx_HAL_Driver/Src/stm32f4xx_hal_tim.o
                0x0000000008006e6a                HAL_TIM_PWM_PulseFinishedCallback
 .text.HAL_TIM_TriggerCallback
                0x0000000008006e7e       0x14 ./Drivers/STM32F4xx_HAL_Driver/Src/stm32f4xx_hal_tim.o
                0x0000000008006e7e                HAL_TIM_TriggerCallback
 *fill*         0x0000000008006e92        0x2 
 .text.TIM_Base_SetConfig
                0x0000000008006e94      0x140 ./Drivers/STM32F4xx_HAL_Driver/Src/stm32f4xx_hal_tim.o
                0x0000000008006e94                TIM_Base_SetConfig
 .text.TIM_TI1_ConfigInputStage
                0x0000000008006fd4       0x5e ./Drivers/STM32F4xx_HAL_Driver/Src/stm32f4xx_hal_tim.o
 .text.TIM_TI2_ConfigInputStage
                0x0000000008007032       0x60 ./Drivers/STM32F4xx_HAL_Driver/Src/stm32f4xx_hal_tim.o
 .text.TIM_ITRx_SetConfig
                0x0000000008007092       0x36 ./Drivers/STM32F4xx_HAL_Driver/Src/stm32f4xx_hal_tim.o
 .text.TIM_ETR_SetConfig
                0x00000000080070c8       0x40 ./Drivers/STM32F4xx_HAL_Driver/Src/stm32f4xx_hal_tim.o
                0x00000000080070c8                TIM_ETR_SetConfig
 .text.HAL_TIMEx_MasterConfigSynchronization
                0x0000000008007108       0xf8 ./Drivers/STM32F4xx_HAL_Driver/Src/stm32f4xx_hal_tim_ex.o
                0x0000000008007108                HAL_TIMEx_MasterConfigSynchronization
 .text.HAL_TIMEx_CommutCallback
                0x0000000008007200       0x14 ./Drivers/STM32F4xx_HAL_Driver/Src/stm32f4xx_hal_tim_ex.o
                0x0000000008007200                HAL_TIMEx_CommutCallback
 .text.HAL_TIMEx_BreakCallback
                0x0000000008007214       0x14 ./Drivers/STM32F4xx_HAL_Driver/Src/stm32f4xx_hal_tim_ex.o
                0x0000000008007214                HAL_TIMEx_BreakCallback
 .text.USB_CoreInit
                0x0000000008007228       0xc2 ./Drivers/STM32F4xx_HAL_Driver/Src/stm32f4xx_ll_usb.o
                0x0000000008007228                USB_CoreInit
 *fill*         0x00000000080072ea        0x2 
 .text.USB_SetTurnaroundTime
                0x00000000080072ec      0x144 ./Drivers/STM32F4xx_HAL_Driver/Src/stm32f4xx_ll_usb.o
                0x00000000080072ec                USB_SetTurnaroundTime
 .text.USB_EnableGlobalInt
                0x0000000008007430       0x22 ./Drivers/STM32F4xx_HAL_Driver/Src/stm32f4xx_ll_usb.o
                0x0000000008007430                USB_EnableGlobalInt
 .text.USB_DisableGlobalInt
                0x0000000008007452       0x22 ./Drivers/STM32F4xx_HAL_Driver/Src/stm32f4xx_ll_usb.o
                0x0000000008007452                USB_DisableGlobalInt
 .text.USB_SetCurrentMode
                0x0000000008007474       0x98 ./Drivers/STM32F4xx_HAL_Driver/Src/stm32f4xx_ll_usb.o
                0x0000000008007474                USB_SetCurrentMode
 .text.USB_DevInit
                0x000000000800750c      0x2c8 ./Drivers/STM32F4xx_HAL_Driver/Src/stm32f4xx_ll_usb.o
                0x000000000800750c                USB_DevInit
 .text.USB_FlushTxFifo
                0x00000000080077d4       0x48 ./Drivers/STM32F4xx_HAL_Driver/Src/stm32f4xx_ll_usb.o
                0x00000000080077d4                USB_FlushTxFifo
 .text.USB_FlushRxFifo
                0x000000000800781c       0x40 ./Drivers/STM32F4xx_HAL_Driver/Src/stm32f4xx_ll_usb.o
                0x000000000800781c                USB_FlushRxFifo
 .text.USB_SetDevSpeed
                0x000000000800785c       0x32 ./Drivers/STM32F4xx_HAL_Driver/Src/stm32f4xx_ll_usb.o
                0x000000000800785c                USB_SetDevSpeed
 .text.USB_GetDevSpeed
                0x000000000800788e       0x4a ./Drivers/STM32F4xx_HAL_Driver/Src/stm32f4xx_ll_usb.o
                0x000000000800788e                USB_GetDevSpeed
 .text.USB_ActivateEndpoint
                0x00000000080078d8      0x10e ./Drivers/STM32F4xx_HAL_Driver/Src/stm32f4xx_ll_usb.o
                0x00000000080078d8                USB_ActivateEndpoint
 *fill*         0x00000000080079e6        0x2 
 .text.USB_DeactivateEndpoint
                0x00000000080079e8      0x1b8 ./Drivers/STM32F4xx_HAL_Driver/Src/stm32f4xx_ll_usb.o
                0x00000000080079e8                USB_DeactivateEndpoint
 .text.USB_EPStartXfer
                0x0000000008007ba0      0x488 ./Drivers/STM32F4xx_HAL_Driver/Src/stm32f4xx_ll_usb.o
                0x0000000008007ba0                USB_EPStartXfer
 .text.USB_EP0StartXfer
                0x0000000008008028      0x2a6 ./Drivers/STM32F4xx_HAL_Driver/Src/stm32f4xx_ll_usb.o
                0x0000000008008028                USB_EP0StartXfer
 .text.USB_WritePacket
                0x00000000080082ce       0x7c ./Drivers/STM32F4xx_HAL_Driver/Src/stm32f4xx_ll_usb.o
                0x00000000080082ce                USB_WritePacket
 .text.USB_ReadPacket
                0x000000000800834a       0xb0 ./Drivers/STM32F4xx_HAL_Driver/Src/stm32f4xx_ll_usb.o
                0x000000000800834a                USB_ReadPacket
 .text.USB_EPSetStall
                0x00000000080083fa       0xdc ./Drivers/STM32F4xx_HAL_Driver/Src/stm32f4xx_ll_usb.o
                0x00000000080083fa                USB_EPSetStall
 .text.USB_EPClearStall
                0x00000000080084d6       0xcc ./Drivers/STM32F4xx_HAL_Driver/Src/stm32f4xx_ll_usb.o
                0x00000000080084d6                USB_EPClearStall
 .text.USB_SetDevAddress
                0x00000000080085a2       0x4c ./Drivers/STM32F4xx_HAL_Driver/Src/stm32f4xx_ll_usb.o
                0x00000000080085a2                USB_SetDevAddress
 .text.USB_DevConnect
                0x00000000080085ee       0x42 ./Drivers/STM32F4xx_HAL_Driver/Src/stm32f4xx_ll_usb.o
                0x00000000080085ee                USB_DevConnect
 .text.USB_DevDisconnect
                0x0000000008008630       0x42 ./Drivers/STM32F4xx_HAL_Driver/Src/stm32f4xx_ll_usb.o
                0x0000000008008630                USB_DevDisconnect
 .text.USB_ReadInterrupts
                0x0000000008008672       0x26 ./Drivers/STM32F4xx_HAL_Driver/Src/stm32f4xx_ll_usb.o
                0x0000000008008672                USB_ReadInterrupts
 .text.USB_ReadDevAllOutEpInterrupt
                0x0000000008008698       0x34 ./Drivers/STM32F4xx_HAL_Driver/Src/stm32f4xx_ll_usb.o
                0x0000000008008698                USB_ReadDevAllOutEpInterrupt
 .text.USB_ReadDevAllInEpInterrupt
                0x00000000080086cc       0x34 ./Drivers/STM32F4xx_HAL_Driver/Src/stm32f4xx_ll_usb.o
                0x00000000080086cc                USB_ReadDevAllInEpInterrupt
 .text.USB_ReadDevOutEPInterrupt
                0x0000000008008700       0x3c ./Drivers/STM32F4xx_HAL_Driver/Src/stm32f4xx_ll_usb.o
                0x0000000008008700                USB_ReadDevOutEPInterrupt
 .text.USB_ReadDevInEPInterrupt
                0x000000000800873c       0x5c ./Drivers/STM32F4xx_HAL_Driver/Src/stm32f4xx_ll_usb.o
                0x000000000800873c                USB_ReadDevInEPInterrupt
 .text.USB_GetMode
                0x0000000008008798       0x1c ./Drivers/STM32F4xx_HAL_Driver/Src/stm32f4xx_ll_usb.o
                0x0000000008008798                USB_GetMode
 .text.USB_ActivateSetup
                0x00000000080087b4       0x46 ./Drivers/STM32F4xx_HAL_Driver/Src/stm32f4xx_ll_usb.o
                0x00000000080087b4                USB_ActivateSetup
 *fill*         0x00000000080087fa        0x2 
 .text.USB_EP0_OutStart
                0x00000000080087fc       0xbc ./Drivers/STM32F4xx_HAL_Driver/Src/stm32f4xx_ll_usb.o
                0x00000000080087fc                USB_EP0_OutStart
 .text.USB_CoreReset
                0x00000000080088b8       0x64 ./Drivers/STM32F4xx_HAL_Driver/Src/stm32f4xx_ll_usb.o
 .text.USBD_CDC_Init
                0x000000000800891c       0xfe ./Middlewares/ST/STM32_USB_Device_Library/Class/CDC/Src/usbd_cdc.o
 .text.USBD_CDC_DeInit
                0x0000000008008a1a       0x74 ./Middlewares/ST/STM32_USB_Device_Library/Class/CDC/Src/usbd_cdc.o
 *fill*         0x0000000008008a8e        0x2 
 .text.USBD_CDC_Setup
                0x0000000008008a90      0x190 ./Middlewares/ST/STM32_USB_Device_Library/Class/CDC/Src/usbd_cdc.o
 .text.USBD_CDC_DataIn
                0x0000000008008c20       0xca ./Middlewares/ST/STM32_USB_Device_Library/Class/CDC/Src/usbd_cdc.o
 .text.USBD_CDC_DataOut
                0x0000000008008cea       0x56 ./Middlewares/ST/STM32_USB_Device_Library/Class/CDC/Src/usbd_cdc.o
 .text.USBD_CDC_EP0_RxReady
                0x0000000008008d40       0x5a ./Middlewares/ST/STM32_USB_Device_Library/Class/CDC/Src/usbd_cdc.o
 *fill*         0x0000000008008d9a        0x2 
 .text.USBD_CDC_GetFSCfgDesc
                0x0000000008008d9c       0x20 ./Middlewares/ST/STM32_USB_Device_Library/Class/CDC/Src/usbd_cdc.o
 .text.USBD_CDC_GetHSCfgDesc
                0x0000000008008dbc       0x20 ./Middlewares/ST/STM32_USB_Device_Library/Class/CDC/Src/usbd_cdc.o
 .text.USBD_CDC_GetOtherSpeedCfgDesc
                0x0000000008008ddc       0x20 ./Middlewares/ST/STM32_USB_Device_Library/Class/CDC/Src/usbd_cdc.o
 .text.USBD_CDC_GetDeviceQualifierDescriptor
                0x0000000008008dfc       0x20 ./Middlewares/ST/STM32_USB_Device_Library/Class/CDC/Src/usbd_cdc.o
                0x0000000008008dfc                USBD_CDC_GetDeviceQualifierDescriptor
 .text.USBD_CDC_RegisterInterface
                0x0000000008008e1c       0x2a ./Middlewares/ST/STM32_USB_Device_Library/Class/CDC/Src/usbd_cdc.o
                0x0000000008008e1c                USBD_CDC_RegisterInterface
 .text.USBD_CDC_SetTxBuffer
                0x0000000008008e46       0x3c ./Middlewares/ST/STM32_USB_Device_Library/Class/CDC/Src/usbd_cdc.o
                0x0000000008008e46                USBD_CDC_SetTxBuffer
 .text.USBD_CDC_SetRxBuffer
                0x0000000008008e82       0x32 ./Middlewares/ST/STM32_USB_Device_Library/Class/CDC/Src/usbd_cdc.o
                0x0000000008008e82                USBD_CDC_SetRxBuffer
 .text.USBD_CDC_TransmitPacket
                0x0000000008008eb4       0x60 ./Middlewares/ST/STM32_USB_Device_Library/Class/CDC/Src/usbd_cdc.o
                0x0000000008008eb4                USBD_CDC_TransmitPacket
 .text.USBD_CDC_ReceivePacket
                0x0000000008008f14       0x54 ./Middlewares/ST/STM32_USB_Device_Library/Class/CDC/Src/usbd_cdc.o
                0x0000000008008f14                USBD_CDC_ReceivePacket
 .text.USBD_Init
                0x0000000008008f68       0x60 ./Middlewares/ST/STM32_USB_Device_Library/Core/Src/usbd_core.o
                0x0000000008008f68                USBD_Init
 .text.USBD_RegisterClass
                0x0000000008008fc8       0x4e ./Middlewares/ST/STM32_USB_Device_Library/Core/Src/usbd_core.o
                0x0000000008008fc8                USBD_RegisterClass
 .text.USBD_Start
                0x0000000008009016       0x18 ./Middlewares/ST/STM32_USB_Device_Library/Core/Src/usbd_core.o
                0x0000000008009016                USBD_Start
 .text.USBD_RunTestMode
                0x000000000800902e       0x16 ./Middlewares/ST/STM32_USB_Device_Library/Core/Src/usbd_core.o
                0x000000000800902e                USBD_RunTestMode
 .text.USBD_SetClassConfig
                0x0000000008009044       0x38 ./Middlewares/ST/STM32_USB_Device_Library/Core/Src/usbd_core.o
                0x0000000008009044                USBD_SetClassConfig
 .text.USBD_ClrClassConfig
                0x000000000800907c       0x30 ./Middlewares/ST/STM32_USB_Device_Library/Core/Src/usbd_core.o
                0x000000000800907c                USBD_ClrClassConfig
 .text.USBD_LL_SetupStage
                0x00000000080090ac       0xaa ./Middlewares/ST/STM32_USB_Device_Library/Core/Src/usbd_core.o
                0x00000000080090ac                USBD_LL_SetupStage
 .text.USBD_LL_DataOutStage
                0x0000000008009156       0xc6 ./Middlewares/ST/STM32_USB_Device_Library/Core/Src/usbd_core.o
                0x0000000008009156                USBD_LL_DataOutStage
 .text.USBD_LL_DataInStage
                0x000000000800921c      0x12c ./Middlewares/ST/STM32_USB_Device_Library/Core/Src/usbd_core.o
                0x000000000800921c                USBD_LL_DataInStage
 .text.USBD_LL_Reset
                0x0000000008009348       0x9c ./Middlewares/ST/STM32_USB_Device_Library/Core/Src/usbd_core.o
                0x0000000008009348                USBD_LL_Reset
 .text.USBD_LL_SetSpeed
                0x00000000080093e4       0x20 ./Middlewares/ST/STM32_USB_Device_Library/Core/Src/usbd_core.o
                0x00000000080093e4                USBD_LL_SetSpeed
 .text.USBD_LL_Suspend
                0x0000000008009404       0x2c ./Middlewares/ST/STM32_USB_Device_Library/Core/Src/usbd_core.o
                0x0000000008009404                USBD_LL_Suspend
 .text.USBD_LL_Resume
                0x0000000008009430       0x30 ./Middlewares/ST/STM32_USB_Device_Library/Core/Src/usbd_core.o
                0x0000000008009430                USBD_LL_Resume
 .text.USBD_LL_SOF
                0x0000000008009460       0x44 ./Middlewares/ST/STM32_USB_Device_Library/Core/Src/usbd_core.o
                0x0000000008009460                USBD_LL_SOF
 .text.USBD_LL_IsoINIncomplete
                0x00000000080094a4       0x4c ./Middlewares/ST/STM32_USB_Device_Library/Core/Src/usbd_core.o
                0x00000000080094a4                USBD_LL_IsoINIncomplete
 .text.USBD_LL_IsoOUTIncomplete
                0x00000000080094f0       0x4c ./Middlewares/ST/STM32_USB_Device_Library/Core/Src/usbd_core.o
                0x00000000080094f0                USBD_LL_IsoOUTIncomplete
 .text.USBD_LL_DevConnected
                0x000000000800953c       0x16 ./Middlewares/ST/STM32_USB_Device_Library/Core/Src/usbd_core.o
                0x000000000800953c                USBD_LL_DevConnected
 .text.USBD_LL_DevDisconnected
                0x0000000008009552       0x38 ./Middlewares/ST/STM32_USB_Device_Library/Core/Src/usbd_core.o
                0x0000000008009552                USBD_LL_DevDisconnected
 .text.SWAPBYTE
                0x000000000800958a       0x3c ./Middlewares/ST/STM32_USB_Device_Library/Core/Src/usbd_ctlreq.o
 *fill*         0x00000000080095c6        0x2 
 .text.USBD_StdDevReq
                0x00000000080095c8       0xdc ./Middlewares/ST/STM32_USB_Device_Library/Core/Src/usbd_ctlreq.o
                0x00000000080095c8                USBD_StdDevReq
 .text.USBD_StdItfReq
                0x00000000080096a4       0x92 ./Middlewares/ST/STM32_USB_Device_Library/Core/Src/usbd_ctlreq.o
                0x00000000080096a4                USBD_StdItfReq
 .text.USBD_StdEPReq
                0x0000000008009736      0x2c4 ./Middlewares/ST/STM32_USB_Device_Library/Core/Src/usbd_ctlreq.o
                0x0000000008009736                USBD_StdEPReq
 *fill*         0x00000000080099fa        0x2 
 .text.USBD_GetDescriptor
                0x00000000080099fc      0x2d4 ./Middlewares/ST/STM32_USB_Device_Library/Core/Src/usbd_ctlreq.o
 .text.USBD_SetAddress
                0x0000000008009cd0       0x88 ./Middlewares/ST/STM32_USB_Device_Library/Core/Src/usbd_ctlreq.o
 .text.USBD_SetConfig
                0x0000000008009d58      0x14c ./Middlewares/ST/STM32_USB_Device_Library/Core/Src/usbd_ctlreq.o
 .text.USBD_GetConfig
                0x0000000008009ea4       0x6c ./Middlewares/ST/STM32_USB_Device_Library/Core/Src/usbd_ctlreq.o
 .text.USBD_GetStatus
                0x0000000008009f10       0x68 ./Middlewares/ST/STM32_USB_Device_Library/Core/Src/usbd_ctlreq.o
 .text.USBD_SetFeature
                0x0000000008009f78       0x28 ./Middlewares/ST/STM32_USB_Device_Library/Core/Src/usbd_ctlreq.o
 .text.USBD_ClrFeature
                0x0000000008009fa0       0x44 ./Middlewares/ST/STM32_USB_Device_Library/Core/Src/usbd_ctlreq.o
 .text.USBD_ParseSetupRequest
                0x0000000008009fe4       0x74 ./Middlewares/ST/STM32_USB_Device_Library/Core/Src/usbd_ctlreq.o
                0x0000000008009fe4                USBD_ParseSetupRequest
 .text.USBD_CtlError
                0x000000000800a058       0x22 ./Middlewares/ST/STM32_USB_Device_Library/Core/Src/usbd_ctlreq.o
                0x000000000800a058                USBD_CtlError
 .text.USBD_GetString
                0x000000000800a07a       0x8c ./Middlewares/ST/STM32_USB_Device_Library/Core/Src/usbd_ctlreq.o
                0x000000000800a07a                USBD_GetString
 .text.USBD_GetLen
                0x000000000800a106       0x34 ./Middlewares/ST/STM32_USB_Device_Library/Core/Src/usbd_ctlreq.o
 .text.USBD_CtlSendData
                0x000000000800a13a       0x36 ./Middlewares/ST/STM32_USB_Device_Library/Core/Src/usbd_ioreq.o
                0x000000000800a13a                USBD_CtlSendData
 .text.USBD_CtlContinueSendData
                0x000000000800a170       0x22 ./Middlewares/ST/STM32_USB_Device_Library/Core/Src/usbd_ioreq.o
                0x000000000800a170                USBD_CtlContinueSendData
 .text.USBD_CtlPrepareRx
                0x000000000800a192       0x3a ./Middlewares/ST/STM32_USB_Device_Library/Core/Src/usbd_ioreq.o
                0x000000000800a192                USBD_CtlPrepareRx
 .text.USBD_CtlContinueRx
                0x000000000800a1cc       0x22 ./Middlewares/ST/STM32_USB_Device_Library/Core/Src/usbd_ioreq.o
                0x000000000800a1cc                USBD_CtlContinueRx
 .text.USBD_CtlSendStatus
                0x000000000800a1ee       0x26 ./Middlewares/ST/STM32_USB_Device_Library/Core/Src/usbd_ioreq.o
                0x000000000800a1ee                USBD_CtlSendStatus
 .text.USBD_CtlReceiveStatus
                0x000000000800a214       0x26 ./Middlewares/ST/STM32_USB_Device_Library/Core/Src/usbd_ioreq.o
                0x000000000800a214                USBD_CtlReceiveStatus
 *fill*         0x000000000800a23a        0x2 
 .text.__NVIC_SetPriority
                0x000000000800a23c       0x54 ./Middlewares/Third_Party/FreeRTOS/Source/CMSIS_RTOS_V2/cmsis_os2.o
 .text.SysTick_Handler
                0x000000000800a290       0x20 ./Middlewares/Third_Party/FreeRTOS/Source/CMSIS_RTOS_V2/cmsis_os2.o
                0x000000000800a290                SysTick_Handler
 .text.SVC_Setup
                0x000000000800a2b0       0x12 ./Middlewares/Third_Party/FreeRTOS/Source/CMSIS_RTOS_V2/cmsis_os2.o
 *fill*         0x000000000800a2c2        0x2 
 .text.osKernelInitialize
                0x000000000800a2c4       0x48 ./Middlewares/Third_Party/FreeRTOS/Source/CMSIS_RTOS_V2/cmsis_os2.o
                0x000000000800a2c4                osKernelInitialize
 .text.osKernelStart
                0x000000000800a30c       0x4c ./Middlewares/Third_Party/FreeRTOS/Source/CMSIS_RTOS_V2/cmsis_os2.o
                0x000000000800a30c                osKernelStart
 .text.osThreadNew
                0x000000000800a358      0x124 ./Middlewares/Third_Party/FreeRTOS/Source/CMSIS_RTOS_V2/cmsis_os2.o
                0x000000000800a358                osThreadNew
 .text.osDelay  0x000000000800a47c       0x36 ./Middlewares/Third_Party/FreeRTOS/Source/CMSIS_RTOS_V2/cmsis_os2.o
                0x000000000800a47c                osDelay
 .text.osMessageQueueNew
                0x000000000800a4b2       0xe6 ./Middlewares/Third_Party/FreeRTOS/Source/CMSIS_RTOS_V2/cmsis_os2.o
                0x000000000800a4b2                osMessageQueueNew
 .text.osMessageQueuePut
                0x000000000800a598       0xc0 ./Middlewares/Third_Party/FreeRTOS/Source/CMSIS_RTOS_V2/cmsis_os2.o
                0x000000000800a598                osMessageQueuePut
 .text.osMessageQueueGet
                0x000000000800a658       0xbc ./Middlewares/Third_Party/FreeRTOS/Source/CMSIS_RTOS_V2/cmsis_os2.o
                0x000000000800a658                osMessageQueueGet
 .text.vApplicationGetIdleTaskMemory
                0x000000000800a714       0x34 ./Middlewares/Third_Party/FreeRTOS/Source/CMSIS_RTOS_V2/cmsis_os2.o
                0x000000000800a714                vApplicationGetIdleTaskMemory
 .text.vApplicationGetTimerTaskMemory
                0x000000000800a748       0x34 ./Middlewares/Third_Party/FreeRTOS/Source/CMSIS_RTOS_V2/cmsis_os2.o
                0x000000000800a748                vApplicationGetTimerTaskMemory
 .text.vListInitialise
                0x000000000800a77c       0x40 ./Middlewares/Third_Party/FreeRTOS/Source/list.o
                0x000000000800a77c                vListInitialise
 .text.vListInitialiseItem
                0x000000000800a7bc       0x1a ./Middlewares/Third_Party/FreeRTOS/Source/list.o
                0x000000000800a7bc                vListInitialiseItem
 .text.vListInsertEnd
                0x000000000800a7d6       0x48 ./Middlewares/Third_Party/FreeRTOS/Source/list.o
                0x000000000800a7d6                vListInsertEnd
 .text.vListInsert
                0x000000000800a81e       0x72 ./Middlewares/Third_Party/FreeRTOS/Source/list.o
                0x000000000800a81e                vListInsert
 .text.uxListRemove
                0x000000000800a890       0x54 ./Middlewares/Third_Party/FreeRTOS/Source/list.o
                0x000000000800a890                uxListRemove
 .text.xQueueGenericReset
                0x000000000800a8e4       0xd0 ./Middlewares/Third_Party/FreeRTOS/Source/queue.o
                0x000000000800a8e4                xQueueGenericReset
 .text.xQueueGenericCreateStatic
                0x000000000800a9b4       0xf0 ./Middlewares/Third_Party/FreeRTOS/Source/queue.o
                0x000000000800a9b4                xQueueGenericCreateStatic
 .text.xQueueGenericCreate
                0x000000000800aaa4       0x74 ./Middlewares/Third_Party/FreeRTOS/Source/queue.o
                0x000000000800aaa4                xQueueGenericCreate
 .text.prvInitialiseNewQueue
                0x000000000800ab18       0x46 ./Middlewares/Third_Party/FreeRTOS/Source/queue.o
 *fill*         0x000000000800ab5e        0x2 
 .text.xQueueGenericSend
                0x000000000800ab60      0x1fc ./Middlewares/Third_Party/FreeRTOS/Source/queue.o
                0x000000000800ab60                xQueueGenericSend
 .text.xQueueGenericSendFromISR
                0x000000000800ad5c      0x136 ./Middlewares/Third_Party/FreeRTOS/Source/queue.o
                0x000000000800ad5c                xQueueGenericSendFromISR
 *fill*         0x000000000800ae92        0x2 
 .text.xQueueReceive
                0x000000000800ae94      0x1c0 ./Middlewares/Third_Party/FreeRTOS/Source/queue.o
                0x000000000800ae94                xQueueReceive
 .text.xQueueReceiveFromISR
                0x000000000800b054      0x100 ./Middlewares/Third_Party/FreeRTOS/Source/queue.o
                0x000000000800b054                xQueueReceiveFromISR
 .text.prvCopyDataToQueue
                0x000000000800b154       0xd4 ./Middlewares/Third_Party/FreeRTOS/Source/queue.o
 .text.prvCopyDataFromQueue
                0x000000000800b228       0x4c ./Middlewares/Third_Party/FreeRTOS/Source/queue.o
 .text.prvUnlockQueue
                0x000000000800b274       0xa4 ./Middlewares/Third_Party/FreeRTOS/Source/queue.o
 .text.prvIsQueueEmpty
                0x000000000800b318       0x2c ./Middlewares/Third_Party/FreeRTOS/Source/queue.o
 .text.prvIsQueueFull
                0x000000000800b344       0x30 ./Middlewares/Third_Party/FreeRTOS/Source/queue.o
 .text.vQueueAddToRegistry
                0x000000000800b374       0x54 ./Middlewares/Third_Party/FreeRTOS/Source/queue.o
                0x000000000800b374                vQueueAddToRegistry
 .text.vQueueWaitForMessageRestricted
                0x000000000800b3c8       0x68 ./Middlewares/Third_Party/FreeRTOS/Source/queue.o
                0x000000000800b3c8                vQueueWaitForMessageRestricted
 .text.xTaskCreateStatic
                0x000000000800b430       0xba ./Middlewares/Third_Party/FreeRTOS/Source/tasks.o
                0x000000000800b430                xTaskCreateStatic
 .text.xTaskCreate
                0x000000000800b4ea       0x8a ./Middlewares/Third_Party/FreeRTOS/Source/tasks.o
                0x000000000800b4ea                xTaskCreate
 .text.prvInitialiseNewTask
                0x000000000800b574      0x154 ./Middlewares/Third_Party/FreeRTOS/Source/tasks.o
 .text.prvAddNewTaskToReadyList
                0x000000000800b6c8       0xe0 ./Middlewares/Third_Party/FreeRTOS/Source/tasks.o
 .text.vTaskDelay
                0x000000000800b7a8       0x68 ./Middlewares/Third_Party/FreeRTOS/Source/tasks.o
                0x000000000800b7a8                vTaskDelay
 .text.eTaskGetState
                0x000000000800b810       0xcc ./Middlewares/Third_Party/FreeRTOS/Source/tasks.o
                0x000000000800b810                eTaskGetState
 .text.vTaskStartScheduler
                0x000000000800b8dc       0xe8 ./Middlewares/Third_Party/FreeRTOS/Source/tasks.o
                0x000000000800b8dc                vTaskStartScheduler
 .text.vTaskSuspendAll
                0x000000000800b9c4       0x1c ./Middlewares/Third_Party/FreeRTOS/Source/tasks.o
                0x000000000800b9c4                vTaskSuspendAll
 .text.xTaskResumeAll
                0x000000000800b9e0      0x13c ./Middlewares/Third_Party/FreeRTOS/Source/tasks.o
                0x000000000800b9e0                xTaskResumeAll
 .text.xTaskGetTickCount
                0x000000000800bb1c       0x20 ./Middlewares/Third_Party/FreeRTOS/Source/tasks.o
                0x000000000800bb1c                xTaskGetTickCount
 .text.uxTaskGetSystemState
                0x000000000800bb3c      0x120 ./Middlewares/Third_Party/FreeRTOS/Source/tasks.o
                0x000000000800bb3c                uxTaskGetSystemState
 .text.xTaskIncrementTick
                0x000000000800bc5c      0x174 ./Middlewares/Third_Party/FreeRTOS/Source/tasks.o
                0x000000000800bc5c                xTaskIncrementTick
 .text.vTaskSwitchContext
                0x000000000800bdd0      0x104 ./Middlewares/Third_Party/FreeRTOS/Source/tasks.o
                0x000000000800bdd0                vTaskSwitchContext
 .text.vTaskPlaceOnEventList
                0x000000000800bed4       0x48 ./Middlewares/Third_Party/FreeRTOS/Source/tasks.o
                0x000000000800bed4                vTaskPlaceOnEventList
 .text.vTaskPlaceOnEventListRestricted
                0x000000000800bf1c       0x58 ./Middlewares/Third_Party/FreeRTOS/Source/tasks.o
                0x000000000800bf1c                vTaskPlaceOnEventListRestricted
 .text.xTaskRemoveFromEventList
                0x000000000800bf74       0xc8 ./Middlewares/Third_Party/FreeRTOS/Source/tasks.o
                0x000000000800bf74                xTaskRemoveFromEventList
 .text.vTaskInternalSetTimeOutState
                0x000000000800c03c       0x2c ./Middlewares/Third_Party/FreeRTOS/Source/tasks.o
                0x000000000800c03c                vTaskInternalSetTimeOutState
 .text.xTaskCheckForTimeOut
                0x000000000800c068       0xc4 ./Middlewares/Third_Party/FreeRTOS/Source/tasks.o
                0x000000000800c068                xTaskCheckForTimeOut
 .text.vTaskMissedYield
                0x000000000800c12c       0x18 ./Middlewares/Third_Party/FreeRTOS/Source/tasks.o
                0x000000000800c12c                vTaskMissedYield
 .text.prvIdleTask
                0x000000000800c144       0x30 ./Middlewares/Third_Party/FreeRTOS/Source/tasks.o
 .text.prvInitialiseTaskLists
                0x000000000800c174       0x80 ./Middlewares/Third_Party/FreeRTOS/Source/tasks.o
 .text.prvCheckTasksWaitingTermination
                0x000000000800c1f4       0x5c ./Middlewares/Third_Party/FreeRTOS/Source/tasks.o
 .text.vTaskGetInfo
                0x000000000800c250       0xcc ./Middlewares/Third_Party/FreeRTOS/Source/tasks.o
                0x000000000800c250                vTaskGetInfo
 .text.prvListTasksWithinSingleList
                0x000000000800c31c       0xa4 ./Middlewares/Third_Party/FreeRTOS/Source/tasks.o
 .text.prvTaskCheckFreeStackSpace
                0x000000000800c3c0       0x38 ./Middlewares/Third_Party/FreeRTOS/Source/tasks.o
 .text.prvDeleteTCB
                0x000000000800c3f8       0x68 ./Middlewares/Third_Party/FreeRTOS/Source/tasks.o
 .text.prvResetNextTaskUnblockTime
                0x000000000800c460       0x40 ./Middlewares/Third_Party/FreeRTOS/Source/tasks.o
 .text.xTaskGetSchedulerState
                0x000000000800c4a0       0x3c ./Middlewares/Third_Party/FreeRTOS/Source/tasks.o
                0x000000000800c4a0                xTaskGetSchedulerState
 .text.xTaskPriorityDisinherit
                0x000000000800c4dc       0xdc ./Middlewares/Third_Party/FreeRTOS/Source/tasks.o
                0x000000000800c4dc                xTaskPriorityDisinherit
 .text.prvWriteNameToBuffer
                0x000000000800c5b8       0x4a ./Middlewares/Third_Party/FreeRTOS/Source/tasks.o
 *fill*         0x000000000800c602        0x2 
 .text.vTaskList
                0x000000000800c604      0x12c ./Middlewares/Third_Party/FreeRTOS/Source/tasks.o
                0x000000000800c604                vTaskList
 .text.vTaskGetRunTimeStats
                0x000000000800c730      0x108 ./Middlewares/Third_Party/FreeRTOS/Source/tasks.o
                0x000000000800c730                vTaskGetRunTimeStats
 .text.prvAddCurrentTaskToDelayedList
                0x000000000800c838       0xa8 ./Middlewares/Third_Party/FreeRTOS/Source/tasks.o
 .text.xTimerCreateTimerTask
                0x000000000800c8e0       0x90 ./Middlewares/Third_Party/FreeRTOS/Source/timers.o
                0x000000000800c8e0                xTimerCreateTimerTask
 .text.xTimerGenericCommand
                0x000000000800c970       0x9c ./Middlewares/Third_Party/FreeRTOS/Source/timers.o
                0x000000000800c970                xTimerGenericCommand
 .text.prvProcessExpiredTimer
                0x000000000800ca0c       0x98 ./Middlewares/Third_Party/FreeRTOS/Source/timers.o
 .text.prvTimerTask
                0x000000000800caa4       0x24 ./Middlewares/Third_Party/FreeRTOS/Source/timers.o
 .text.prvProcessTimerOrBlockTask
                0x000000000800cac8       0x9c ./Middlewares/Third_Party/FreeRTOS/Source/timers.o
 .text.prvGetNextExpireTime
                0x000000000800cb64       0x48 ./Middlewares/Third_Party/FreeRTOS/Source/timers.o
 .text.prvSampleTimeNow
                0x000000000800cbac       0x40 ./Middlewares/Third_Party/FreeRTOS/Source/timers.o
 .text.prvInsertTimerInActiveList
                0x000000000800cbec       0x84 ./Middlewares/Third_Party/FreeRTOS/Source/timers.o
 .text.prvProcessReceivedCommands
                0x000000000800cc70      0x1c4 ./Middlewares/Third_Party/FreeRTOS/Source/timers.o
 .text.prvSwitchTimerLists
                0x000000000800ce34       0xc8 ./Middlewares/Third_Party/FreeRTOS/Source/timers.o
 .text.prvCheckForValidListAndQueue
                0x000000000800cefc       0x80 ./Middlewares/Third_Party/FreeRTOS/Source/timers.o
 .text.pxPortInitialiseStack
                0x000000000800cf7c       0x68 ./Middlewares/Third_Party/FreeRTOS/Source/portable/GCC/ARM_CM4F/port.o
                0x000000000800cf7c                pxPortInitialiseStack
 .text.prvTaskExitError
                0x000000000800cfe4       0x58 ./Middlewares/Third_Party/FreeRTOS/Source/portable/GCC/ARM_CM4F/port.o
 *fill*         0x000000000800d03c        0x4 
 .text.SVC_Handler
                0x000000000800d040       0x28 ./Middlewares/Third_Party/FreeRTOS/Source/portable/GCC/ARM_CM4F/port.o
                0x000000000800d040                SVC_Handler
 .text.prvPortStartFirstTask
                0x000000000800d068       0x28 ./Middlewares/Third_Party/FreeRTOS/Source/portable/GCC/ARM_CM4F/port.o
 .text.xPortStartScheduler
                0x000000000800d090      0x144 ./Middlewares/Third_Party/FreeRTOS/Source/portable/GCC/ARM_CM4F/port.o
                0x000000000800d090                xPortStartScheduler
 .text.vPortEnterCritical
                0x000000000800d1d4       0x60 ./Middlewares/Third_Party/FreeRTOS/Source/portable/GCC/ARM_CM4F/port.o
                0x000000000800d1d4                vPortEnterCritical
 .text.vPortExitCritical
                0x000000000800d234       0x54 ./Middlewares/Third_Party/FreeRTOS/Source/portable/GCC/ARM_CM4F/port.o
                0x000000000800d234                vPortExitCritical
 *fill*         0x000000000800d288        0x8 
 .text.PendSV_Handler
                0x000000000800d290       0x68 ./Middlewares/Third_Party/FreeRTOS/Source/portable/GCC/ARM_CM4F/port.o
                0x000000000800d290                PendSV_Handler
 .text.xPortSysTickHandler
                0x000000000800d2f8       0x44 ./Middlewares/Third_Party/FreeRTOS/Source/portable/GCC/ARM_CM4F/port.o
                0x000000000800d2f8                xPortSysTickHandler
 .text.vPortSetupTimerInterrupt
                0x000000000800d33c       0x48 ./Middlewares/Third_Party/FreeRTOS/Source/portable/GCC/ARM_CM4F/port.o
                0x000000000800d33c                vPortSetupTimerInterrupt
 .text.vPortEnableVFP
                0x000000000800d384       0x14 ./Middlewares/Third_Party/FreeRTOS/Source/portable/GCC/ARM_CM4F/port.o
 .text.vPortValidateInterruptPriority
                0x000000000800d398       0x80 ./Middlewares/Third_Party/FreeRTOS/Source/portable/GCC/ARM_CM4F/port.o
                0x000000000800d398                vPortValidateInterruptPriority
 .text.pvPortMalloc
                0x000000000800d418      0x198 ./Middlewares/Third_Party/FreeRTOS/Source/portable/MemMang/heap_4.o
                0x000000000800d418                pvPortMalloc
 .text.vPortFree
                0x000000000800d5b0       0xc4 ./Middlewares/Third_Party/FreeRTOS/Source/portable/MemMang/heap_4.o
                0x000000000800d5b0                vPortFree
 .text.xPortGetFreeHeapSize
                0x000000000800d674       0x18 ./Middlewares/Third_Party/FreeRTOS/Source/portable/MemMang/heap_4.o
                0x000000000800d674                xPortGetFreeHeapSize
 .text.prvHeapInit
                0x000000000800d68c       0xc4 ./Middlewares/Third_Party/FreeRTOS/Source/portable/MemMang/heap_4.o
 .text.prvInsertBlockIntoFreeList
                0x000000000800d750       0xb4 ./Middlewares/Third_Party/FreeRTOS/Source/portable/MemMang/heap_4.o
 .text.MX_USB_DEVICE_Init
                0x000000000800d804       0x60 ./USB_DEVICE/App/usb_device.o
                0x000000000800d804                MX_USB_DEVICE_Init
 .text.CDC_Init_FS
                0x000000000800d864       0x28 ./USB_DEVICE/App/usbd_cdc_if.o
 .text.CDC_DeInit_FS
                0x000000000800d88c       0x10 ./USB_DEVICE/App/usbd_cdc_if.o
 .text.CDC_Control_FS
                0x000000000800d89c       0xbc ./USB_DEVICE/App/usbd_cdc_if.o
 .text.CDC_Receive_FS
                0x000000000800d958       0x28 ./USB_DEVICE/App/usbd_cdc_if.o
 .text.CDC_Transmit_FS
                0x000000000800d980       0x4c ./USB_DEVICE/App/usbd_cdc_if.o
                0x000000000800d980                CDC_Transmit_FS
 .text.CDC_TransmitCplt_FS
                0x000000000800d9cc       0x22 ./USB_DEVICE/App/usbd_cdc_if.o
 *fill*         0x000000000800d9ee        0x2 
 .text.USBD_FS_DeviceDescriptor
                0x000000000800d9f0       0x24 ./USB_DEVICE/App/usbd_desc.o
                0x000000000800d9f0                USBD_FS_DeviceDescriptor
 .text.USBD_FS_LangIDStrDescriptor
                0x000000000800da14       0x24 ./USB_DEVICE/App/usbd_desc.o
                0x000000000800da14                USBD_FS_LangIDStrDescriptor
 .text.USBD_FS_ProductStrDescriptor
                0x000000000800da38       0x3c ./USB_DEVICE/App/usbd_desc.o
                0x000000000800da38                USBD_FS_ProductStrDescriptor
 .text.USBD_FS_ManufacturerStrDescriptor
                0x000000000800da74       0x28 ./USB_DEVICE/App/usbd_desc.o
                0x000000000800da74                USBD_FS_ManufacturerStrDescriptor
 .text.USBD_FS_SerialStrDescriptor
                0x000000000800da9c       0x24 ./USB_DEVICE/App/usbd_desc.o
                0x000000000800da9c                USBD_FS_SerialStrDescriptor
 .text.USBD_FS_ConfigStrDescriptor
                0x000000000800dac0       0x3c ./USB_DEVICE/App/usbd_desc.o
                0x000000000800dac0                USBD_FS_ConfigStrDescriptor
 .text.USBD_FS_InterfaceStrDescriptor
                0x000000000800dafc       0x3c ./USB_DEVICE/App/usbd_desc.o
                0x000000000800dafc                USBD_FS_InterfaceStrDescriptor
 .text.Get_SerialNum
                0x000000000800db38       0x58 ./USB_DEVICE/App/usbd_desc.o
 .text.IntToUnicode
                0x000000000800db90       0x7e ./USB_DEVICE/App/usbd_desc.o
 *fill*         0x000000000800dc0e        0x2 
 .text.HAL_PCD_MspInit
                0x000000000800dc10       0xc4 ./USB_DEVICE/Target/usbd_conf.o
                0x000000000800dc10                HAL_PCD_MspInit
 .text.HAL_PCD_SetupStageCallback
                0x000000000800dcd4       0x24 ./USB_DEVICE/Target/usbd_conf.o
                0x000000000800dcd4                HAL_PCD_SetupStageCallback
 .text.HAL_PCD_DataOutStageCallback
                0x000000000800dcf8       0x36 ./USB_DEVICE/Target/usbd_conf.o
                0x000000000800dcf8                HAL_PCD_DataOutStageCallback
 .text.HAL_PCD_DataInStageCallback
                0x000000000800dd2e       0x34 ./USB_DEVICE/Target/usbd_conf.o
                0x000000000800dd2e                HAL_PCD_DataInStageCallback
 .text.HAL_PCD_SOFCallback
                0x000000000800dd62       0x1c ./USB_DEVICE/Target/usbd_conf.o
                0x000000000800dd62                HAL_PCD_SOFCallback
 .text.HAL_PCD_ResetCallback
                0x000000000800dd7e       0x50 ./USB_DEVICE/Target/usbd_conf.o
                0x000000000800dd7e                HAL_PCD_ResetCallback
 *fill*         0x000000000800ddce        0x2 
 .text.HAL_PCD_SuspendCallback
                0x000000000800ddd0       0x4c ./USB_DEVICE/Target/usbd_conf.o
                0x000000000800ddd0                HAL_PCD_SuspendCallback
 .text.HAL_PCD_ResumeCallback
                0x000000000800de1c       0x1c ./USB_DEVICE/Target/usbd_conf.o
                0x000000000800de1c                HAL_PCD_ResumeCallback
 .text.HAL_PCD_ISOOUTIncompleteCallback
                0x000000000800de38       0x24 ./USB_DEVICE/Target/usbd_conf.o
                0x000000000800de38                HAL_PCD_ISOOUTIncompleteCallback
 .text.HAL_PCD_ISOINIncompleteCallback
                0x000000000800de5c       0x24 ./USB_DEVICE/Target/usbd_conf.o
                0x000000000800de5c                HAL_PCD_ISOINIncompleteCallback
 .text.HAL_PCD_ConnectCallback
                0x000000000800de80       0x1c ./USB_DEVICE/Target/usbd_conf.o
                0x000000000800de80                HAL_PCD_ConnectCallback
 .text.HAL_PCD_DisconnectCallback
                0x000000000800de9c       0x1c ./USB_DEVICE/Target/usbd_conf.o
                0x000000000800de9c                HAL_PCD_DisconnectCallback
 .text.USBD_LL_Init
                0x000000000800deb8       0x98 ./USB_DEVICE/Target/usbd_conf.o
                0x000000000800deb8                USBD_LL_Init
 .text.USBD_LL_Start
                0x000000000800df50       0x36 ./USB_DEVICE/Target/usbd_conf.o
                0x000000000800df50                USBD_LL_Start
 .text.USBD_LL_OpenEP
                0x000000000800df86       0x4c ./USB_DEVICE/Target/usbd_conf.o
                0x000000000800df86                USBD_LL_OpenEP
 .text.USBD_LL_CloseEP
                0x000000000800dfd2       0x3e ./USB_DEVICE/Target/usbd_conf.o
                0x000000000800dfd2                USBD_LL_CloseEP
 .text.USBD_LL_StallEP
                0x000000000800e010       0x3e ./USB_DEVICE/Target/usbd_conf.o
                0x000000000800e010                USBD_LL_StallEP
 .text.USBD_LL_ClearStallEP
                0x000000000800e04e       0x3e ./USB_DEVICE/Target/usbd_conf.o
                0x000000000800e04e                USBD_LL_ClearStallEP
 .text.USBD_LL_IsStallEP
                0x000000000800e08c       0x58 ./USB_DEVICE/Target/usbd_conf.o
                0x000000000800e08c                USBD_LL_IsStallEP
 .text.USBD_LL_SetUSBAddress
                0x000000000800e0e4       0x3e ./USB_DEVICE/Target/usbd_conf.o
                0x000000000800e0e4                USBD_LL_SetUSBAddress
 .text.USBD_LL_Transmit
                0x000000000800e122       0x42 ./USB_DEVICE/Target/usbd_conf.o
                0x000000000800e122                USBD_LL_Transmit
 .text.USBD_LL_PrepareReceive
                0x000000000800e164       0x42 ./USB_DEVICE/Target/usbd_conf.o
                0x000000000800e164                USBD_LL_PrepareReceive
 .text.USBD_LL_GetRxDataSize
                0x000000000800e1a6       0x26 ./USB_DEVICE/Target/usbd_conf.o
                0x000000000800e1a6                USBD_LL_GetRxDataSize
 .text.USBD_static_malloc
                0x000000000800e1cc       0x1c ./USB_DEVICE/Target/usbd_conf.o
                0x000000000800e1cc                USBD_static_malloc
 .text.USBD_static_free
                0x000000000800e1e8       0x14 ./USB_DEVICE/Target/usbd_conf.o
                0x000000000800e1e8                USBD_static_free
 .text.USBD_Get_USB_Status
                0x000000000800e1fc       0x58 ./USB_DEVICE/Target/usbd_conf.o
                0x000000000800e1fc                USBD_Get_USB_Status
 .text.__errno  0x000000000800e254        0xc /home/odemki/Programs/programs/STM32IDE/1/en.en-st-stm32cubeide_1-5-0_8698_20201117_1050_amd64_sh/makeself_dir_5QpOGP/y/plugins/com.st.stm32cube.ide.mcu.externaltools.gnu-tools-for-stm32.9-2020-q2-update.linux64_2.0.0.202105311346/tools/bin/../lib/gcc/arm-none-eabi/9.3.1/../../../../arm-none-eabi/lib/thumb/v7e-m+fp/hard/libc_nano.a(lib_a-errno.o)
                0x000000000800e254                __errno
 .text.__libc_init_array
                0x000000000800e260       0x48 /home/odemki/Programs/programs/STM32IDE/1/en.en-st-stm32cubeide_1-5-0_8698_20201117_1050_amd64_sh/makeself_dir_5QpOGP/y/plugins/com.st.stm32cube.ide.mcu.externaltools.gnu-tools-for-stm32.9-2020-q2-update.linux64_2.0.0.202105311346/tools/bin/../lib/gcc/arm-none-eabi/9.3.1/../../../../arm-none-eabi/lib/thumb/v7e-m+fp/hard/libc_nano.a(lib_a-init.o)
                0x000000000800e260                __libc_init_array
 .text.__itoa   0x000000000800e2a8       0x30 /home/odemki/Programs/programs/STM32IDE/1/en.en-st-stm32cubeide_1-5-0_8698_20201117_1050_amd64_sh/makeself_dir_5QpOGP/y/plugins/com.st.stm32cube.ide.mcu.externaltools.gnu-tools-for-stm32.9-2020-q2-update.linux64_2.0.0.202105311346/tools/bin/../lib/gcc/arm-none-eabi/9.3.1/../../../../arm-none-eabi/lib/thumb/v7e-m+fp/hard/libc_nano.a(lib_a-itoa.o)
                0x000000000800e2a8                __itoa
 .text.itoa     0x000000000800e2d8        0x4 /home/odemki/Programs/programs/STM32IDE/1/en.en-st-stm32cubeide_1-5-0_8698_20201117_1050_amd64_sh/makeself_dir_5QpOGP/y/plugins/com.st.stm32cube.ide.mcu.externaltools.gnu-tools-for-stm32.9-2020-q2-update.linux64_2.0.0.202105311346/tools/bin/../lib/gcc/arm-none-eabi/9.3.1/../../../../arm-none-eabi/lib/thumb/v7e-m+fp/hard/libc_nano.a(lib_a-itoa.o)
                0x000000000800e2d8                itoa
 .text.__retarget_lock_acquire_recursive
                0x000000000800e2dc        0x2 /home/odemki/Programs/programs/STM32IDE/1/en.en-st-stm32cubeide_1-5-0_8698_20201117_1050_amd64_sh/makeself_dir_5QpOGP/y/plugins/com.st.stm32cube.ide.mcu.externaltools.gnu-tools-for-stm32.9-2020-q2-update.linux64_2.0.0.202105311346/tools/bin/../lib/gcc/arm-none-eabi/9.3.1/../../../../arm-none-eabi/lib/thumb/v7e-m+fp/hard/libc_nano.a(lib_a-lock.o)
                0x000000000800e2dc                __retarget_lock_acquire_recursive
 .text.__retarget_lock_release_recursive
                0x000000000800e2de        0x2 /home/odemki/Programs/programs/STM32IDE/1/en.en-st-stm32cubeide_1-5-0_8698_20201117_1050_amd64_sh/makeself_dir_5QpOGP/y/plugins/com.st.stm32cube.ide.mcu.externaltools.gnu-tools-for-stm32.9-2020-q2-update.linux64_2.0.0.202105311346/tools/bin/../lib/gcc/arm-none-eabi/9.3.1/../../../../arm-none-eabi/lib/thumb/v7e-m+fp/hard/libc_nano.a(lib_a-lock.o)
                0x000000000800e2de                __retarget_lock_release_recursive
 .text.malloc   0x000000000800e2e0       0x10 /home/odemki/Programs/programs/STM32IDE/1/en.en-st-stm32cubeide_1-5-0_8698_20201117_1050_amd64_sh/makeself_dir_5QpOGP/y/plugins/com.st.stm32cube.ide.mcu.externaltools.gnu-tools-for-stm32.9-2020-q2-update.linux64_2.0.0.202105311346/tools/bin/../lib/gcc/arm-none-eabi/9.3.1/../../../../arm-none-eabi/lib/thumb/v7e-m+fp/hard/libc_nano.a(lib_a-malloc.o)
                0x000000000800e2e0                malloc
 .text.free     0x000000000800e2f0       0x10 /home/odemki/Programs/programs/STM32IDE/1/en.en-st-stm32cubeide_1-5-0_8698_20201117_1050_amd64_sh/makeself_dir_5QpOGP/y/plugins/com.st.stm32cube.ide.mcu.externaltools.gnu-tools-for-stm32.9-2020-q2-update.linux64_2.0.0.202105311346/tools/bin/../lib/gcc/arm-none-eabi/9.3.1/../../../../arm-none-eabi/lib/thumb/v7e-m+fp/hard/libc_nano.a(lib_a-malloc.o)
                0x000000000800e2f0                free
 .text.memcpy   0x000000000800e300       0x1c /home/odemki/Programs/programs/STM32IDE/1/en.en-st-stm32cubeide_1-5-0_8698_20201117_1050_amd64_sh/makeself_dir_5QpOGP/y/plugins/com.st.stm32cube.ide.mcu.externaltools.gnu-tools-for-stm32.9-2020-q2-update.linux64_2.0.0.202105311346/tools/bin/../lib/gcc/arm-none-eabi/9.3.1/../../../../arm-none-eabi/lib/thumb/v7e-m+fp/hard/libc_nano.a(lib_a-memcpy-stub.o)
                0x000000000800e300                memcpy
 .text.memset   0x000000000800e31c       0x10 /home/odemki/Programs/programs/STM32IDE/1/en.en-st-stm32cubeide_1-5-0_8698_20201117_1050_amd64_sh/makeself_dir_5QpOGP/y/plugins/com.st.stm32cube.ide.mcu.externaltools.gnu-tools-for-stm32.9-2020-q2-update.linux64_2.0.0.202105311346/tools/bin/../lib/gcc/arm-none-eabi/9.3.1/../../../../arm-none-eabi/lib/thumb/v7e-m+fp/hard/libc_nano.a(lib_a-memset.o)
                0x000000000800e31c                memset
 .text._free_r  0x000000000800e32c       0xa0 /home/odemki/Programs/programs/STM32IDE/1/en.en-st-stm32cubeide_1-5-0_8698_20201117_1050_amd64_sh/makeself_dir_5QpOGP/y/plugins/com.st.stm32cube.ide.mcu.externaltools.gnu-tools-for-stm32.9-2020-q2-update.linux64_2.0.0.202105311346/tools/bin/../lib/gcc/arm-none-eabi/9.3.1/../../../../arm-none-eabi/lib/thumb/v7e-m+fp/hard/libc_nano.a(lib_a-nano-freer.o)
                0x000000000800e32c                _free_r
 .text._malloc_r
                0x000000000800e3cc       0xb4 /home/odemki/Programs/programs/STM32IDE/1/en.en-st-stm32cubeide_1-5-0_8698_20201117_1050_amd64_sh/makeself_dir_5QpOGP/y/plugins/com.st.stm32cube.ide.mcu.externaltools.gnu-tools-for-stm32.9-2020-q2-update.linux64_2.0.0.202105311346/tools/bin/../lib/gcc/arm-none-eabi/9.3.1/../../../../arm-none-eabi/lib/thumb/v7e-m+fp/hard/libc_nano.a(lib_a-nano-mallocr.o)
                0x000000000800e3cc                _malloc_r
 .text.cleanup_glue
                0x000000000800e480       0x1a /home/odemki/Programs/programs/STM32IDE/1/en.en-st-stm32cubeide_1-5-0_8698_20201117_1050_amd64_sh/makeself_dir_5QpOGP/y/plugins/com.st.stm32cube.ide.mcu.externaltools.gnu-tools-for-stm32.9-2020-q2-update.linux64_2.0.0.202105311346/tools/bin/../lib/gcc/arm-none-eabi/9.3.1/../../../../arm-none-eabi/lib/thumb/v7e-m+fp/hard/libc_nano.a(lib_a-reent.o)
                0x000000000800e480                cleanup_glue
 *fill*         0x000000000800e49a        0x2 
 .text._reclaim_reent
                0x000000000800e49c       0xb8 /home/odemki/Programs/programs/STM32IDE/1/en.en-st-stm32cubeide_1-5-0_8698_20201117_1050_amd64_sh/makeself_dir_5QpOGP/y/plugins/com.st.stm32cube.ide.mcu.externaltools.gnu-tools-for-stm32.9-2020-q2-update.linux64_2.0.0.202105311346/tools/bin/../lib/gcc/arm-none-eabi/9.3.1/../../../../arm-none-eabi/lib/thumb/v7e-m+fp/hard/libc_nano.a(lib_a-reent.o)
                0x000000000800e49c                _reclaim_reent
 .text._sbrk_r  0x000000000800e554       0x20 /home/odemki/Programs/programs/STM32IDE/1/en.en-st-stm32cubeide_1-5-0_8698_20201117_1050_amd64_sh/makeself_dir_5QpOGP/y/plugins/com.st.stm32cube.ide.mcu.externaltools.gnu-tools-for-stm32.9-2020-q2-update.linux64_2.0.0.202105311346/tools/bin/../lib/gcc/arm-none-eabi/9.3.1/../../../../arm-none-eabi/lib/thumb/v7e-m+fp/hard/libc_nano.a(lib_a-sbrkr.o)
                0x000000000800e554                _sbrk_r
 .text.sprintf  0x000000000800e574       0x40 /home/odemki/Programs/programs/STM32IDE/1/en.en-st-stm32cubeide_1-5-0_8698_20201117_1050_amd64_sh/makeself_dir_5QpOGP/y/plugins/com.st.stm32cube.ide.mcu.externaltools.gnu-tools-for-stm32.9-2020-q2-update.linux64_2.0.0.202105311346/tools/bin/../lib/gcc/arm-none-eabi/9.3.1/../../../../arm-none-eabi/lib/thumb/v7e-m+fp/hard/libc_nano.a(lib_a-sprintf.o)
                0x000000000800e574                sprintf
                0x000000000800e574                siprintf
 .text.strcat   0x000000000800e5b4       0x1e /home/odemki/Programs/programs/STM32IDE/1/en.en-st-stm32cubeide_1-5-0_8698_20201117_1050_amd64_sh/makeself_dir_5QpOGP/y/plugins/com.st.stm32cube.ide.mcu.externaltools.gnu-tools-for-stm32.9-2020-q2-update.linux64_2.0.0.202105311346/tools/bin/../lib/gcc/arm-none-eabi/9.3.1/../../../../arm-none-eabi/lib/thumb/v7e-m+fp/hard/libc_nano.a(lib_a-strcat.o)
                0x000000000800e5b4                strcat
 .text.strcpy   0x000000000800e5d2       0x10 /home/odemki/Programs/programs/STM32IDE/1/en.en-st-stm32cubeide_1-5-0_8698_20201117_1050_amd64_sh/makeself_dir_5QpOGP/y/plugins/com.st.stm32cube.ide.mcu.externaltools.gnu-tools-for-stm32.9-2020-q2-update.linux64_2.0.0.202105311346/tools/bin/../lib/gcc/arm-none-eabi/9.3.1/../../../../arm-none-eabi/lib/thumb/v7e-m+fp/hard/libc_nano.a(lib_a-strcpy.o)
                0x000000000800e5d2                strcpy
 *fill*         0x000000000800e5e2        0x2 
 .text.__utoa   0x000000000800e5e4       0x84 /home/odemki/Programs/programs/STM32IDE/1/en.en-st-stm32cubeide_1-5-0_8698_20201117_1050_amd64_sh/makeself_dir_5QpOGP/y/plugins/com.st.stm32cube.ide.mcu.externaltools.gnu-tools-for-stm32.9-2020-q2-update.linux64_2.0.0.202105311346/tools/bin/../lib/gcc/arm-none-eabi/9.3.1/../../../../arm-none-eabi/lib/thumb/v7e-m+fp/hard/libc_nano.a(lib_a-utoa.o)
                0x000000000800e5e4                __utoa
 .text.__malloc_lock
                0x000000000800e668        0xc /home/odemki/Programs/programs/STM32IDE/1/en.en-st-stm32cubeide_1-5-0_8698_20201117_1050_amd64_sh/makeself_dir_5QpOGP/y/plugins/com.st.stm32cube.ide.mcu.externaltools.gnu-tools-for-stm32.9-2020-q2-update.linux64_2.0.0.202105311346/tools/bin/../lib/gcc/arm-none-eabi/9.3.1/../../../../arm-none-eabi/lib/thumb/v7e-m+fp/hard/libc_nano.a(lib_a-mlock.o)
                0x000000000800e668                __malloc_lock
 .text.__malloc_unlock
                0x000000000800e674        0xc /home/odemki/Programs/programs/STM32IDE/1/en.en-st-stm32cubeide_1-5-0_8698_20201117_1050_amd64_sh/makeself_dir_5QpOGP/y/plugins/com.st.stm32cube.ide.mcu.externaltools.gnu-tools-for-stm32.9-2020-q2-update.linux64_2.0.0.202105311346/tools/bin/../lib/gcc/arm-none-eabi/9.3.1/../../../../arm-none-eabi/lib/thumb/v7e-m+fp/hard/libc_nano.a(lib_a-mlock.o)
                0x000000000800e674                __malloc_unlock
 .text.__ssputs_r
                0x000000000800e680       0xb6 /home/odemki/Programs/programs/STM32IDE/1/en.en-st-stm32cubeide_1-5-0_8698_20201117_1050_amd64_sh/makeself_dir_5QpOGP/y/plugins/com.st.stm32cube.ide.mcu.externaltools.gnu-tools-for-stm32.9-2020-q2-update.linux64_2.0.0.202105311346/tools/bin/../lib/gcc/arm-none-eabi/9.3.1/../../../../arm-none-eabi/lib/thumb/v7e-m+fp/hard/libc_nano.a(lib_a-nano-svfprintf.o)
                0x000000000800e680                __ssputs_r
 *fill*         0x000000000800e736        0x2 
 .text._svfprintf_r
                0x000000000800e738      0x200 /home/odemki/Programs/programs/STM32IDE/1/en.en-st-stm32cubeide_1-5-0_8698_20201117_1050_amd64_sh/makeself_dir_5QpOGP/y/plugins/com.st.stm32cube.ide.mcu.externaltools.gnu-tools-for-stm32.9-2020-q2-update.linux64_2.0.0.202105311346/tools/bin/../lib/gcc/arm-none-eabi/9.3.1/../../../../arm-none-eabi/lib/thumb/v7e-m+fp/hard/libc_nano.a(lib_a-nano-svfprintf.o)
                0x000000000800e738                _svfprintf_r
                0x000000000800e738                _svfiprintf_r
 .text._printf_common
                0x000000000800e938       0xda /home/odemki/Programs/programs/STM32IDE/1/en.en-st-stm32cubeide_1-5-0_8698_20201117_1050_amd64_sh/makeself_dir_5QpOGP/y/plugins/com.st.stm32cube.ide.mcu.externaltools.gnu-tools-for-stm32.9-2020-q2-update.linux64_2.0.0.202105311346/tools/bin/../lib/gcc/arm-none-eabi/9.3.1/../../../../arm-none-eabi/lib/thumb/v7e-m+fp/hard/libc_nano.a(lib_a-nano-vfprintf_i.o)
                0x000000000800e938                _printf_common
 *fill*         0x000000000800ea12        0x2 
 .text._printf_i
                0x000000000800ea14      0x24c /home/odemki/Programs/programs/STM32IDE/1/en.en-st-stm32cubeide_1-5-0_8698_20201117_1050_amd64_sh/makeself_dir_5QpOGP/y/plugins/com.st.stm32cube.ide.mcu.externaltools.gnu-tools-for-stm32.9-2020-q2-update.linux64_2.0.0.202105311346/tools/bin/../lib/gcc/arm-none-eabi/9.3.1/../../../../arm-none-eabi/lib/thumb/v7e-m+fp/hard/libc_nano.a(lib_a-nano-vfprintf_i.o)
                0x000000000800ea14                _printf_i
 .text.memmove  0x000000000800ec60       0x34 /home/odemki/Programs/programs/STM32IDE/1/en.en-st-stm32cubeide_1-5-0_8698_20201117_1050_amd64_sh/makeself_dir_5QpOGP/y/plugins/com.st.stm32cube.ide.mcu.externaltools.gnu-tools-for-stm32.9-2020-q2-update.linux64_2.0.0.202105311346/tools/bin/../lib/gcc/arm-none-eabi/9.3.1/../../../../arm-none-eabi/lib/thumb/v7e-m+fp/hard/libc_nano.a(lib_a-memmove.o)
                0x000000000800ec60                memmove
 .text._realloc_r
                0x000000000800ec94       0x4c /home/odemki/Programs/programs/STM32IDE/1/en.en-st-stm32cubeide_1-5-0_8698_20201117_1050_amd64_sh/makeself_dir_5QpOGP/y/plugins/com.st.stm32cube.ide.mcu.externaltools.gnu-tools-for-stm32.9-2020-q2-update.linux64_2.0.0.202105311346/tools/bin/../lib/gcc/arm-none-eabi/9.3.1/../../../../arm-none-eabi/lib/thumb/v7e-m+fp/hard/libc_nano.a(lib_a-nano-reallocr.o)
                0x000000000800ec94                _realloc_r
 .text._malloc_usable_size_r
                0x000000000800ece0       0x10 /home/odemki/Programs/programs/STM32IDE/1/en.en-st-stm32cubeide_1-5-0_8698_20201117_1050_amd64_sh/makeself_dir_5QpOGP/y/plugins/com.st.stm32cube.ide.mcu.externaltools.gnu-tools-for-stm32.9-2020-q2-update.linux64_2.0.0.202105311346/tools/bin/../lib/gcc/arm-none-eabi/9.3.1/../../../../arm-none-eabi/lib/thumb/v7e-m+fp/hard/libc_nano.a(lib_a-nano-msizer.o)
                0x000000000800ece0                _malloc_usable_size_r
 *(.glue_7)
 .glue_7        0x000000000800ecf0        0x0 linker stubs