main.c:154:8:user_i2c_read	24	static
main.c:162:6:user_delay_ms	16	static
main.c:167:8:user_i2c_write	32	static
main.c:206:5:main	8	static
main.c:302:6:SystemClock_Config	88	static
main.c:346:13:MX_I2C3_Init	8	static
main.c:380:13:MX_TIM3_Init	32	static
main.c:425:13:MX_GPIO_Init	56	static
main.c:555:6:StartDefaultTask	16	static
main.c:576:6:Start_Blue_LED_Blink	16	static
main.c:599:6:Start_Show_Resources	1176	static
main.c:670:6:Start_UART_Task	1048	static
main.c:699:6:Start_bme280	64	static
main.c:772:6:HAL_TIM_PeriodElapsedCallback	16	static
main.c:792:6:Error_Handler	4	static,ignoring_inline_asm
