main.c:155:8:user_i2c_read	24	static
main.c:163:6:user_delay_ms	16	static
main.c:168:8:user_i2c_write	32	static
main.c:207:5:main	8	static
main.c:303:6:SystemClock_Config	88	static
main.c:347:13:MX_I2C3_Init	8	static
main.c:381:13:MX_TIM3_Init	32	static
main.c:426:13:MX_GPIO_Init	56	static
main.c:556:6:StartDefaultTask	16	static
main.c:577:6:Start_Blue_LED_Blink	16	static
main.c:600:6:Start_Show_Resources	1176	static
main.c:671:6:Start_UART_Task	1048	static
main.c:700:6:Start_bme280	1152	static
main.c:807:6:HAL_TIM_PeriodElapsedCallback	16	static
main.c:827:6:Error_Handler	4	static,ignoring_inline_asm
